19:18:05 **** Incremental Build of configuration Debug for project test3 ****
make -C Debug VERBOSE=1 all 
make: Entering directory 'D:/School/Grad/Courses/ECE 718 - Compiler Design for High Performance Computing/Project/Code/Target/test3/Debug'
D:/Programs/CMake/bin/cmake.exe -S"D:/School/Grad/Courses/ECE 718 - Compiler Design for High Performance Computing/Project/Code/Target/test3" -B"D:/School/Grad/Courses/ECE 718 - Compiler Design for High Performance Computing/Project/Code/Target/test3/Debug" --check-build-system CMakeFiles/Makefile.cmake 0
D:/Programs/CMake/bin/cmake.exe -E cmake_progress_start "D:/School/Grad/Courses/ECE 718 - Compiler Design for High Performance Computing/Project/Code/Target/test3/Debug/CMakeFiles" "D:/School/Grad/Courses/ECE 718 - Compiler Design for High Performance Computing/Project/Code/Target/test3/Debug//CMakeFiles/progress.marks"
make  -f CMakeFiles/Makefile2 all
make[1]: Entering directory 'D:/School/Grad/Courses/ECE 718 - Compiler Design for High Performance Computing/Project/Code/Target/test3/Debug'
make  -f CMakeFiles/test3.dir/build.make CMakeFiles/test3.dir/depend
make[2]: Entering directory 'D:/School/Grad/Courses/ECE 718 - Compiler Design for High Performance Computing/Project/Code/Target/test3/Debug'
D:/Programs/CMake/bin/cmake.exe -E cmake_depends "Unix Makefiles" "D:/School/Grad/Courses/ECE 718 - Compiler Design for High Performance Computing/Project/Code/Target/test3" "D:/School/Grad/Courses/ECE 718 - Compiler Design for High Performance Computing/Project/Code/Target/test3" "D:/School/Grad/Courses/ECE 718 - Compiler Design for High Performance Computing/Project/Code/Target/test3/Debug" "D:/School/Grad/Courses/ECE 718 - Compiler Design for High Performance Computing/Project/Code/Target/test3/Debug" "D:/School/Grad/Courses/ECE 718 - Compiler Design for High Performance Computing/Project/Code/Target/test3/Debug/CMakeFiles/test3.dir/DependInfo.cmake" "--color="
Dependencies file "CMakeFiles/test3.dir/Sources/main.c.obj.d" is newer than depends file "D:/School/Grad/Courses/ECE 718 - Compiler Design for High Performance Computing/Project/Code/Target/test3/Debug/CMakeFiles/test3.dir/compiler_depend.internal".
Dependencies file "CMakeFiles/test3.dir/Sources/syscalls.c.obj.d" is newer than depends file "D:/School/Grad/Courses/ECE 718 - Compiler Design for High Performance Computing/Project/Code/Target/test3/Debug/CMakeFiles/test3.dir/compiler_depend.internal".
Dependencies file "CMakeFiles/test3.dir/Sources/sysmem.c.obj.d" is newer than depends file "D:/School/Grad/Courses/ECE 718 - Compiler Design for High Performance Computing/Project/Code/Target/test3/Debug/CMakeFiles/test3.dir/compiler_depend.internal".
Consolidate compiler generated dependencies of target test3
make[2]: Leaving directory 'D:/School/Grad/Courses/ECE 718 - Compiler Design for High Performance Computing/Project/Code/Target/test3/Debug'
make  -f CMakeFiles/test3.dir/build.make CMakeFiles/test3.dir/build
make[2]: Entering directory 'D:/School/Grad/Courses/ECE 718 - Compiler Design for High Performance Computing/Project/Code/Target/test3/Debug'
make[2]: Nothing to be done for 'CMakeFiles/test3.dir/build'.
make[2]: Leaving directory 'D:/School/Grad/Courses/ECE 718 - Compiler Design for High Performance Computing/Project/Code/Target/test3/Debug'
[100%] Built target test3
make[1]: Leaving directory 'D:/School/Grad/Courses/ECE 718 - Compiler Design for High Performance Computing/Project/Code/Target/test3/Debug'
D:/Programs/CMake/bin/cmake.exe -E cmake_progress_start "D:/School/Grad/Courses/ECE 718 - Compiler Design for High Performance Computing/Project/Code/Target/test3/Debug/CMakeFiles" 0
make: Leaving directory 'D:/School/Grad/Courses/ECE 718 - Compiler Design for High Performance Computing/Project/Code/Target/test3/Debug'
19:19:42 **** Incremental Build of configuration Debug for project test2 ****
make -j16 all 
arm-none-eabi-size   test2.elf 
   text	   data	    bss	    dec	    hex	filename
  14568	    112	   2040	  16720	   4150	test2.elf
Finished building: default.size.stdout
 
19:20:51 **** Incremental Build of configuration Debug for project test2 ****
make -j16 all 
arm-none-eabi-size   test2.elf 
   text	   data	    bss	    dec	    hex	filename
  14568	    112	   2040	  16720	   4150	test2.elf
Finished building: default.size.stdout
 
