18:41:12 **** Build of configuration Debug for project test3 ****
make -C Debug VERBOSE=1 all 
make: Entering directory 'D:/School/Grad/Courses/ECE 718 - Compiler Design for High Performance Computing/Project/Code/Target/test3/Debug'
D:/Programs/CMake/bin/cmake.exe -S"D:/School/Grad/Courses/ECE 718 - Compiler Design for High Performance Computing/Project/Code/Target/test3" -B"D:/School/Grad/Courses/ECE 718 - Compiler Design for High Performance Computing/Project/Code/Target/test3/Debug" --check-build-system CMakeFiles/Makefile.cmake 0
D:/Programs/CMake/bin/cmake.exe -E cmake_progress_start "D:/School/Grad/Courses/ECE 718 - Compiler Design for High Performance Computing/Project/Code/Target/test3/Debug/CMakeFiles" "D:/School/Grad/Courses/ECE 718 - Compiler Design for High Performance Computing/Project/Code/Target/test3/Debug//CMakeFiles/progress.marks"
make  -f CMakeFiles/Makefile2 all
make[1]: Entering directory 'D:/School/Grad/Courses/ECE 718 - Compiler Design for High Performance Computing/Project/Code/Target/test3/Debug'
make  -f CMakeFiles/test3.dir/build.make CMakeFiles/test3.dir/depend
make[2]: Entering directory 'D:/School/Grad/Courses/ECE 718 - Compiler Design for High Performance Computing/Project/Code/Target/test3/Debug'
D:/Programs/CMake/bin/cmake.exe -E cmake_depends "Unix Makefiles" "D:/School/Grad/Courses/ECE 718 - Compiler Design for High Performance Computing/Project/Code/Target/test3" "D:/School/Grad/Courses/ECE 718 - Compiler Design for High Performance Computing/Project/Code/Target/test3" "D:/School/Grad/Courses/ECE 718 - Compiler Design for High Performance Computing/Project/Code/Target/test3/Debug" "D:/School/Grad/Courses/ECE 718 - Compiler Design for High Performance Computing/Project/Code/Target/test3/Debug" "D:/School/Grad/Courses/ECE 718 - Compiler Design for High Performance Computing/Project/Code/Target/test3/Debug/CMakeFiles/test3.dir/DependInfo.cmake" "--color="
Dependee "D:/School/Grad/Courses/ECE 718 - Compiler Design for High Performance Computing/Project/Code/Target/test3/Debug/CMakeFiles/test3.dir/DependInfo.cmake" is newer than depender "D:/School/Grad/Courses/ECE 718 - Compiler Design for High Performance Computing/Project/Code/Target/test3/Debug/CMakeFiles/test3.dir/depend.internal".
Dependee "D:/School/Grad/Courses/ECE 718 - Compiler Design for High Performance Computing/Project/Code/Target/test3/Debug/CMakeFiles/CMakeDirectoryInformation.cmake" is newer than depender "D:/School/Grad/Courses/ECE 718 - Compiler Design for High Performance Computing/Project/Code/Target/test3/Debug/CMakeFiles/test3.dir/depend.internal".
Scanning dependencies of target test3
make[2]: Leaving directory 'D:/School/Grad/Courses/ECE 718 - Compiler Design for High Performance Computing/Project/Code/Target/test3/Debug'
make  -f CMakeFiles/test3.dir/build.make CMakeFiles/test3.dir/build
make[2]: Entering directory 'D:/School/Grad/Courses/ECE 718 - Compiler Design for High Performance Computing/Project/Code/Target/test3/Debug'
[ 20%] Building ASM object CMakeFiles/test3.dir/Startup/startup_stm32l452retx.s.obj
D:/Programs/STMicroelectronics/STM32CubeIDE_1.13.0/STM32CubeIDE/plugins/com.st.stm32cube.ide.mcu.externaltools.gnu-tools-for-stm32.11.3.rel1.win32_1.1.1.202309131626/tools/bin/arm-none-eabi-gcc.exe   -mcpu=Cortex-M4 -std=gnu11 -mfpu=fpv4-sp-d16  --specs=nano.specs -mthumb -Wall -Werror -x assembler-with-cpp -g -o CMakeFiles/test3.dir/Startup/startup_stm32l452retx.s.obj -c "D:/School/Grad/Courses/ECE 718 - Compiler Design for High Performance Computing/Project/Code/Target/test3/Startup/startup_stm32l452retx.s"
[ 40%] Building C object CMakeFiles/test3.dir/Sources/main.c.obj
D:/Programs/STMicroelectronics/STM32CubeIDE_1.13.0/STM32CubeIDE/plugins/com.st.stm32cube.ide.mcu.externaltools.gnu-tools-for-stm32.11.3.rel1.win32_1.1.1.202309131626/tools/bin/arm-none-eabi-gcc.exe   -mcpu=Cortex-M4 -std=gnu11 -mfpu=fpv4-sp-d16  --specs=nano.specs -mthumb -Wall -Werror -g -MD -MT CMakeFiles/test3.dir/Sources/main.c.obj -MF CMakeFiles/test3.dir/Sources/main.c.obj.d -o CMakeFiles/test3.dir/Sources/main.c.obj -c "D:/School/Grad/Courses/ECE 718 - Compiler Design for High Performance Computing/Project/Code/Target/test3/Sources/main.c"
[ 60%] Building C object CMakeFiles/test3.dir/Sources/syscalls.c.obj
D:/Programs/STMicroelectronics/STM32CubeIDE_1.13.0/STM32CubeIDE/plugins/com.st.stm32cube.ide.mcu.externaltools.gnu-tools-for-stm32.11.3.rel1.win32_1.1.1.202309131626/tools/bin/arm-none-eabi-gcc.exe   -mcpu=Cortex-M4 -std=gnu11 -mfpu=fpv4-sp-d16  --specs=nano.specs -mthumb -Wall -Werror -g -MD -MT CMakeFiles/test3.dir/Sources/syscalls.c.obj -MF CMakeFiles/test3.dir/Sources/syscalls.c.obj.d -o CMakeFiles/test3.dir/Sources/syscalls.c.obj -c "D:/School/Grad/Courses/ECE 718 - Compiler Design for High Performance Computing/Project/Code/Target/test3/Sources/syscalls.c"
[ 80%] Building C object CMakeFiles/test3.dir/Sources/sysmem.c.obj
D:/Programs/STMicroelectronics/STM32CubeIDE_1.13.0/STM32CubeIDE/plugins/com.st.stm32cube.ide.mcu.externaltools.gnu-tools-for-stm32.11.3.rel1.win32_1.1.1.202309131626/tools/bin/arm-none-eabi-gcc.exe   -mcpu=Cortex-M4 -std=gnu11 -mfpu=fpv4-sp-d16  --specs=nano.specs -mthumb -Wall -Werror -g -MD -MT CMakeFiles/test3.dir/Sources/sysmem.c.obj -MF CMakeFiles/test3.dir/Sources/sysmem.c.obj.d -o CMakeFiles/test3.dir/Sources/sysmem.c.obj -c "D:/School/Grad/Courses/ECE 718 - Compiler Design for High Performance Computing/Project/Code/Target/test3/Sources/sysmem.c"
[100%] Linking C executable test3.elf
D:/Programs/STMicroelectronics/STM32CubeIDE_1.13.0/STM32CubeIDE/plugins/com.st.stm32cube.ide.mcu.externaltools.gnu-tools-for-stm32.11.3.rel1.win32_1.1.1.202309131626/tools/bin/arm-none-eabi-gcc.exe -mcpu=Cortex-M4 -std=gnu11 -mfpu=fpv4-sp-d16  --specs=nano.specs -mthumb -Wall -Werror -g -T../STM32L452RETX_FLASH.ld --specs=nosys.specs -Wl,-Map=test.map -Wl,--gc-sections -static -Wl,--start-group -lc -lm -Wl,--end-group "CMakeFiles/test3.dir/Startup/startup_stm32l452retx.s.obj" "CMakeFiles/test3.dir/Sources/main.c.obj" "CMakeFiles/test3.dir/Sources/syscalls.c.obj" "CMakeFiles/test3.dir/Sources/sysmem.c.obj"  -o test3.elf 
arm-none-eabi-size "D:/School/Grad/Courses/ECE 718 - Compiler Design for High Performance Computing/Project/Code/Target/test3/Debug/test3.elf"
   text	   data	    bss	    dec	    hex	filename
    656	      8	   1568	   2232	    8b8	D:/School/Grad/Courses/ECE 718 - Compiler Design for High Performance Computing/Project/Code/Target/test3/Debug/test3.elf
make[2]: Leaving directory 'D:/School/Grad/Courses/ECE 718 - Compiler Design for High Performance Computing/Project/Code/Target/test3/Debug'
[100%] Built target test3
make[1]: Leaving directory 'D:/School/Grad/Courses/ECE 718 - Compiler Design for High Performance Computing/Project/Code/Target/test3/Debug'
D:/Programs/CMake/bin/cmake.exe -E cmake_progress_start "D:/School/Grad/Courses/ECE 718 - Compiler Design for High Performance Computing/Project/Code/Target/test3/Debug/CMakeFiles" 0
make: Leaving directory 'D:/School/Grad/Courses/ECE 718 - Compiler Design for High Performance Computing/Project/Code/Target/test3/Debug'

18:41:14 Build Finished. 0 errors, 0 warnings. (took 2s.76ms)

