Archive member included to satisfy reference by file (symbol)

/usr/lib/gcc/arm-none-eabi/10.3.1/../../../arm-none-eabi/lib/thumb/v7e-m+fp/hard/libc_nano.a(lib_a-aeabi_memclr.o)
                              build/main.o (__aeabi_memclr4)
/usr/lib/gcc/arm-none-eabi/10.3.1/../../../arm-none-eabi/lib/thumb/v7e-m+fp/hard/libc_nano.a(lib_a-aeabi_memset-soft.o)
                              /usr/lib/gcc/arm-none-eabi/10.3.1/../../../arm-none-eabi/lib/thumb/v7e-m+fp/hard/libc_nano.a(lib_a-aeabi_memclr.o) (__aeabi_memset)
/usr/lib/gcc/arm-none-eabi/10.3.1/../../../arm-none-eabi/lib/thumb/v7e-m+fp/hard/libc_nano.a(lib_a-atexit.o)
                              /usr/lib/gcc/arm-none-eabi/10.3.1/../../../arm-none-eabi/lib/thumb/v7e-m+fp/hard/crt0.o (atexit)
/usr/lib/gcc/arm-none-eabi/10.3.1/../../../arm-none-eabi/lib/thumb/v7e-m+fp/hard/libc_nano.a(lib_a-exit.o)
                              /usr/lib/gcc/arm-none-eabi/10.3.1/../../../arm-none-eabi/lib/thumb/v7e-m+fp/hard/crt0.o (exit)
/usr/lib/gcc/arm-none-eabi/10.3.1/../../../arm-none-eabi/lib/thumb/v7e-m+fp/hard/libc_nano.a(lib_a-fini.o)
                              /usr/lib/gcc/arm-none-eabi/10.3.1/../../../arm-none-eabi/lib/thumb/v7e-m+fp/hard/crt0.o (__libc_fini_array)
/usr/lib/gcc/arm-none-eabi/10.3.1/../../../arm-none-eabi/lib/thumb/v7e-m+fp/hard/libc_nano.a(lib_a-impure.o)
                              /usr/lib/gcc/arm-none-eabi/10.3.1/../../../arm-none-eabi/lib/thumb/v7e-m+fp/hard/libc_nano.a(lib_a-exit.o) (_global_impure_ptr)
/usr/lib/gcc/arm-none-eabi/10.3.1/../../../arm-none-eabi/lib/thumb/v7e-m+fp/hard/libc_nano.a(lib_a-init.o)
                              /usr/lib/gcc/arm-none-eabi/10.3.1/../../../arm-none-eabi/lib/thumb/v7e-m+fp/hard/crt0.o (__libc_init_array)
/usr/lib/gcc/arm-none-eabi/10.3.1/../../../arm-none-eabi/lib/thumb/v7e-m+fp/hard/libc_nano.a(lib_a-memset.o)
                              /usr/lib/gcc/arm-none-eabi/10.3.1/../../../arm-none-eabi/lib/thumb/v7e-m+fp/hard/crt0.o (memset)
/usr/lib/gcc/arm-none-eabi/10.3.1/../../../arm-none-eabi/lib/thumb/v7e-m+fp/hard/libc_nano.a(lib_a-puts.o)
                              build/main.o (puts)
/usr/lib/gcc/arm-none-eabi/10.3.1/../../../arm-none-eabi/lib/thumb/v7e-m+fp/hard/libc_nano.a(lib_a-wbuf.o)
                              /usr/lib/gcc/arm-none-eabi/10.3.1/../../../arm-none-eabi/lib/thumb/v7e-m+fp/hard/libc_nano.a(lib_a-puts.o) (__swbuf_r)
/usr/lib/gcc/arm-none-eabi/10.3.1/../../../arm-none-eabi/lib/thumb/v7e-m+fp/hard/libc_nano.a(lib_a-wsetup.o)
                              /usr/lib/gcc/arm-none-eabi/10.3.1/../../../arm-none-eabi/lib/thumb/v7e-m+fp/hard/libc_nano.a(lib_a-puts.o) (__swsetup_r)
/usr/lib/gcc/arm-none-eabi/10.3.1/../../../arm-none-eabi/lib/thumb/v7e-m+fp/hard/libc_nano.a(lib_a-__atexit.o)
                              /usr/lib/gcc/arm-none-eabi/10.3.1/../../../arm-none-eabi/lib/thumb/v7e-m+fp/hard/libc_nano.a(lib_a-atexit.o) (__register_exitproc)
/usr/lib/gcc/arm-none-eabi/10.3.1/../../../arm-none-eabi/lib/thumb/v7e-m+fp/hard/libc_nano.a(lib_a-__call_atexit.o)
                              /usr/lib/gcc/arm-none-eabi/10.3.1/../../../arm-none-eabi/lib/thumb/v7e-m+fp/hard/libc_nano.a(lib_a-__atexit.o) (__call_exitprocs)
/usr/lib/gcc/arm-none-eabi/10.3.1/../../../arm-none-eabi/lib/thumb/v7e-m+fp/hard/libc_nano.a(lib_a-fflush.o)
                              /usr/lib/gcc/arm-none-eabi/10.3.1/../../../arm-none-eabi/lib/thumb/v7e-m+fp/hard/libc_nano.a(lib_a-wbuf.o) (_fflush_r)
/usr/lib/gcc/arm-none-eabi/10.3.1/../../../arm-none-eabi/lib/thumb/v7e-m+fp/hard/libc_nano.a(lib_a-findfp.o)
                              /usr/lib/gcc/arm-none-eabi/10.3.1/../../../arm-none-eabi/lib/thumb/v7e-m+fp/hard/libc_nano.a(lib_a-puts.o) (__sinit)
/usr/lib/gcc/arm-none-eabi/10.3.1/../../../arm-none-eabi/lib/thumb/v7e-m+fp/hard/libc_nano.a(lib_a-fwalk.o)
                              /usr/lib/gcc/arm-none-eabi/10.3.1/../../../arm-none-eabi/lib/thumb/v7e-m+fp/hard/libc_nano.a(lib_a-findfp.o) (_fwalk)
/usr/lib/gcc/arm-none-eabi/10.3.1/../../../arm-none-eabi/lib/thumb/v7e-m+fp/hard/libc_nano.a(lib_a-makebuf.o)
                              /usr/lib/gcc/arm-none-eabi/10.3.1/../../../arm-none-eabi/lib/thumb/v7e-m+fp/hard/libc_nano.a(lib_a-wsetup.o) (__smakebuf_r)
/usr/lib/gcc/arm-none-eabi/10.3.1/../../../arm-none-eabi/lib/thumb/v7e-m+fp/hard/libc_nano.a(lib_a-nano-freer.o)
                              /usr/lib/gcc/arm-none-eabi/10.3.1/../../../arm-none-eabi/lib/thumb/v7e-m+fp/hard/libc_nano.a(lib_a-wsetup.o) (_free_r)
/usr/lib/gcc/arm-none-eabi/10.3.1/../../../arm-none-eabi/lib/thumb/v7e-m+fp/hard/libc_nano.a(lib_a-nano-mallocr.o)
                              /usr/lib/gcc/arm-none-eabi/10.3.1/../../../arm-none-eabi/lib/thumb/v7e-m+fp/hard/libc_nano.a(lib_a-findfp.o) (_malloc_r)
/usr/lib/gcc/arm-none-eabi/10.3.1/../../../arm-none-eabi/lib/thumb/v7e-m+fp/hard/libc_nano.a(lib_a-sbrkr.o)
[...]
Memory Configuration

Name             Origin             Length             Attributes
RAM              0x0000000020000000 0x0000000000028000 xrw
RAM2             0x0000000010000000 0x0000000000008000 xrw
FLASH            0x0000000008000000 0x0000000000080000 xr
*default*        0x0000000000000000 0xffffffffffffffff

Linker script and memory map

LOAD /usr/lib/gcc/arm-none-eabi/10.3.1/thumb/v7e-m+fp/hard/crti.o
LOAD /usr/lib/gcc/arm-none-eabi/10.3.1/thumb/v7e-m+fp/hard/crtbegin.o
LOAD /usr/lib/gcc/arm-none-eabi/10.3.1/../../../arm-none-eabi/lib/thumb/v7e-m+fp/hard/crt0.o
LOAD build/main.o
LOAD build/stm32l4xx_it.o
LOAD build/stm32l4xx_hal_msp.o
LOAD build/stm32l4xx_hal_tim.o
LOAD build/stm32l4xx_hal_tim_ex.o
LOAD build/stm32l4xx_hal_uart.o
LOAD build/stm32l4xx_hal_uart_ex.o
LOAD build/stm32l4xx_hal.o
LOAD build/stm32l4xx_hal_rcc.o
LOAD build/stm32l4xx_hal_rcc_ex.o
LOAD build/stm32l4xx_hal_flash.o
LOAD build/stm32l4xx_hal_flash_ex.o
LOAD build/stm32l4xx_hal_flash_ramfunc.o
LOAD build/stm32l4xx_hal_gpio.o
LOAD build/stm32l4xx_hal_dma.o
LOAD build/stm32l4xx_hal_dma_ex.o
LOAD build/stm32l4xx_hal_pwr.o
LOAD build/stm32l4xx_hal_pwr_ex.o
LOAD build/stm32l4xx_hal_cortex.o
LOAD build/stm32l4xx_hal_exti.o
LOAD build/system_stm32l4xx.o
LOAD build/startup_stm32l452xx.o
LOAD /usr/lib/gcc/arm-none-eabi/10.3.1/../../../arm-none-eabi/lib/thumb/v7e-m+fp/hard/libc_nano.a
LOAD /usr/lib/gcc/arm-none-eabi/10.3.1/../../../arm-none-eabi/lib/thumb/v7e-m+fp/hard/libm.a
LOAD /usr/lib/gcc/arm-none-eabi/10.3.1/../../../arm-none-eabi/lib/thumb/v7e-m+fp/hard/libnosys.a
START GROUP
LOAD /usr/lib/gcc/arm-none-eabi/10.3.1/thumb/v7e-m+fp/hard/libgcc.a
LOAD /usr/lib/gcc/arm-none-eabi/10.3.1/../../../arm-none-eabi/lib/thumb/v7e-m+fp/hard/libc_nano.a
END GROUP
START GROUP
LOAD /usr/lib/gcc/arm-none-eabi/10.3.1/thumb/v7e-m+fp/hard/libgcc.a
LOAD /usr/lib/gcc/arm-none-eabi/10.3.1/../../../arm-none-eabi/lib/thumb/v7e-m+fp/hard/libc_nano.a
END GROUP
LOAD /usr/lib/gcc/arm-none-eabi/10.3.1/thumb/v7e-m+fp/hard/crtend.o
LOAD /usr/lib/gcc/arm-none-eabi/10.3.1/thumb/v7e-m+fp/hard/crtn.o
                0x0000000020028000                _estack = (ORIGIN (RAM) + LENGTH (RAM))
                0x0000000000000200                _Min_Heap_Size = 0x200
                0x0000000000000400                _Min_Stack_Size = 0x400

.isr_vector     0x0000000008000000      0x198
                0x0000000008000000                . = ALIGN (0x8)
 *(.isr_vector)
 .isr_vector    0x0000000008000000      0x194 build/startup_stm32l452xx.o
                0x0000000008000000                g_pfnVectors
                0x0000000008000198                . = ALIGN (0x8)
 *fill*         0x0000000008000194        0x4 

.text           0x0000000008000198     0x2d98
                0x0000000008000198                . = ALIGN (0x8)
 *(.text)
 .text          0x0000000008000198       0x88 /usr/lib/gcc/arm-none-eabi/10.3.1/thumb/v7e-m+fp/hard/crtbegin.o
 .text          0x0000000008000220        0x8 /usr/lib/gcc/arm-none-eabi/10.3.1/../../../arm-none-eabi/lib/thumb/v7e-m+fp/hard/libc_nano.a(lib_a-aeabi_memclr.o)
                0x0000000008000220                __aeabi_memclr8
                0x0000000008000220                __aeabi_memclr
                0x0000000008000220                __aeabi_memclr4
 .text          0x0000000008000228       0x9a /usr/lib/gcc/arm-none-eabi/10.3.1/../../../arm-none-eabi/lib/thumb/v7e-m+fp/hard/libc_nano.a(lib_a-aeabi_memset-soft.o)
                0x0000000008000228                __aeabi_memset
                0x0000000008000228                __aeabi_memset8
                0x0000000008000228                __aeabi_memset4
 *fill*         0x00000000080002c2        0x2 
 .text          0x00000000080002c4       0x48 /usr/lib/gcc/arm-none-eabi/10.3.1/../../../arm-none-eabi/lib/thumb/v7e-m+fp/hard/libc_nano.a(lib_a-init.o)
                0x00000000080002c4                __libc_init_array
 .text          0x000000000800030c       0xa4 /usr/lib/gcc/arm-none-eabi/10.3.1/../../../arm-none-eabi/lib/thumb/v7e-m+fp/hard/libc_nano.a(lib_a-memset.o)
                0x000000000800030c                memset
 .text          0x00000000080003b0       0xec /usr/lib/gcc/arm-none-eabi/10.3.1/../../../arm-none-eabi/lib/thumb/v7e-m+fp/hard/libc_nano.a(lib_a-puts.o)
                0x00000000080003b0                _puts_r
                0x000000000800048c                puts
 .text          0x000000000800049c       0xc8 /usr/lib/gcc/arm-none-eabi/10.3.1/../../../arm-none-eabi/lib/thumb/v7e-m+fp/hard/libc_nano.a(lib_a-wbuf.o)
                0x000000000800049c                __swbuf_r
                0x000000000800054c                __swbuf
 .text          0x0000000008000564      0x104 /usr/lib/gcc/arm-none-eabi/10.3.1/../../../arm-none-eabi/lib/thumb/v7e-m+fp/hard/libc_nano.a(lib_a-wsetup.o)
                0x0000000008000564                __swsetup_r
 .text          0x0000000008000668      0x1e8 /usr/lib/gcc/arm-none-eabi/10.3.1/../../../arm-none-eabi/lib/thumb/v7e-m+fp/hard/libc_nano.a(lib_a-fflush.o)
                0x0000000008000668                __sflush_r
                0x000000000800077c                _fflush_r
                0x00000000080007d0                fflush
 .text          0x0000000008000850      0x238 /usr/lib/gcc/arm-none-eabi/10.3.1/../../../arm-none-eabi/lib/thumb/v7e-m+fp/hard/libc_nano.a(lib_a-findfp.o)
                0x0000000008000854                _cleanup_r
                0x0000000008000864                __sfmoreglue
                0x0000000008000894                __sfp
                0x0000000008000a34                _cleanup
                0x0000000008000a48                __sinit
                0x0000000008000a50                __sfp_lock_acquire
                0x0000000008000a54                __sfp_lock_release
                0x0000000008000a58                __sinit_lock_acquire
                0x0000000008000a5c                __sinit_lock_release
                0x0000000008000a60                __fp_lock_all
                0x0000000008000a74                __fp_unlock_all
 .text          0x0000000008000a88       0x88 /usr/lib/gcc/arm-none-eabi/10.3.1/../../../arm-none-eabi/lib/thumb/v7e-m+fp/hard/libc_nano.a(lib_a-fwalk.o)
                0x0000000008000a88                _fwalk
                0x0000000008000ac8                _fwalk_reent
 .text          0x0000000008000b10      0x11c /usr/lib/gcc/arm-none-eabi/10.3.1/../../../arm-none-eabi/lib/thumb/v7e-m+fp/hard/libc_nano.a(lib_a-makebuf.o)
                0x0000000008000b10                __smakebuf_r
                0x0000000008000bd0                __swhatbuf_r
 .text          0x0000000008000c2c       0xc4 /usr/lib/gcc/arm-none-eabi/10.3.1/../../../arm-none-eabi/lib/thumb/v7e-m+fp/hard/libc_nano.a(lib_a-nano-freer.o)
                0x0000000008000c2c                _free_r
 .text          0x0000000008000cf0       0xb4 /usr/lib/gcc/arm-none-eabi/10.3.1/../../../arm-none-eabi/lib/thumb/v7e-m+fp/hard/libc_nano.a(lib_a-nano-mallocr.o)
                0x0000000008000cf0                _malloc_r
 .text          0x0000000008000da4       0x24 /usr/lib/gcc/arm-none-eabi/10.3.1/../../../arm-none-eabi/lib/thumb/v7e-m+fp/hard/libc_nano.a(lib_a-sbrkr.o)
                0x0000000008000da4                _sbrk_r
 .text          0x0000000008000dc8       0x90 /usr/lib/gcc/arm-none-eabi/10.3.1/../../../arm-none-eabi/lib/thumb/v7e-m+fp/hard/libc_nano.a(lib_a-stdio.o)
                0x0000000008000dc8                __sread
                0x0000000008000dec                __seofread
                0x0000000008000df0                __swrite
                0x0000000008000e30                __sseek
                0x0000000008000e50                __sclose
 .text          0x0000000008000e58       0x2c /usr/lib/gcc/arm-none-eabi/10.3.1/../../../arm-none-eabi/lib/thumb/v7e-m+fp/hard/libc_nano.a(lib_a-writer.o)
                0x0000000008000e58                _write_r
 .text          0x0000000008000e84       0x24 /usr/lib/gcc/arm-none-eabi/10.3.1/../../../arm-none-eabi/lib/thumb/v7e-m+fp/hard/libc_nano.a(lib_a-closer.o)
                0x0000000008000e84                _close_r
 .text          0x0000000008000ea8       0x2c /usr/lib/gcc/arm-none-eabi/10.3.1/../../../arm-none-eabi/lib/thumb/v7e-m+fp/hard/libc_nano.a(lib_a-fstatr.o)
                0x0000000008000ea8                _fstat_r
 .text          0x0000000008000ed4       0x24 /usr/lib/gcc/arm-none-eabi/10.3.1/../../../arm-none-eabi/lib/thumb/v7e-m+fp/hard/libc_nano.a(lib_a-isattyr.o)
                0x0000000008000ed4                _isatty_r
 .text          0x0000000008000ef8       0x2c /usr/lib/gcc/arm-none-eabi/10.3.1/../../../arm-none-eabi/lib/thumb/v7e-m+fp/hard/libc_nano.a(lib_a-lseekr.o)
                0x0000000008000ef8                _lseek_r
 .text          0x0000000008000f24        0x8 /usr/lib/gcc/arm-none-eabi/10.3.1/../../../arm-none-eabi/lib/thumb/v7e-m+fp/hard/libc_nano.a(lib_a-mlock.o)
                0x0000000008000f24                __malloc_lock
                0x0000000008000f28                __malloc_unlock
 .text          0x0000000008000f2c       0x2c /usr/lib/gcc/arm-none-eabi/10.3.1/../../../arm-none-eabi/lib/thumb/v7e-m+fp/hard/libc_nano.a(lib_a-readr.o)
                0x0000000008000f2c                _read_r
 .text          0x0000000008000f58       0x10 /usr/lib/gcc/arm-none-eabi/10.3.1/../../../arm-none-eabi/lib/thumb/v7e-m+fp/hard/libnosys.a(close.o)
                0x0000000008000f58                _close
 .text          0x0000000008000f68       0x10 /usr/lib/gcc/arm-none-eabi/10.3.1/../../../arm-none-eabi/lib/thumb/v7e-m+fp/hard/libnosys.a(fstat.o)
                0x0000000008000f68                _fstat
 .text          0x0000000008000f78       0x10 /usr/lib/gcc/arm-none-eabi/10.3.1/../../../arm-none-eabi/lib/thumb/v7e-m+fp/hard/libnosys.a(isatty.o)
                0x0000000008000f78                _isatty
 .text          0x0000000008000f88       0x10 /usr/lib/gcc/arm-none-eabi/10.3.1/../../../arm-none-eabi/lib/thumb/v7e-m+fp/hard/libnosys.a(lseek.o)
                0x0000000008000f88                _lseek
 .text          0x0000000008000f98       0x10 /usr/lib/gcc/arm-none-eabi/10.3.1/../../../arm-none-eabi/lib/thumb/v7e-m+fp/hard/libnosys.a(read.o)
                0x0000000008000f98                _read
 .text          0x0000000008000fa8       0x1c /usr/lib/gcc/arm-none-eabi/10.3.1/../../../arm-none-eabi/lib/thumb/v7e-m+fp/hard/libnosys.a(sbrk.o)
                0x0000000008000fa8                _sbrk
 .text          0x0000000008000fc4       0x10 /usr/lib/gcc/arm-none-eabi/10.3.1/../../../arm-none-eabi/lib/thumb/v7e-m+fp/hard/libnosys.a(write.o)
                0x0000000008000fc4                _write
 .text          0x0000000008000fd4       0x30 /usr/lib/gcc/arm-none-eabi/10.3.1/thumb/v7e-m+fp/hard/libgcc.a(_aeabi_uldivmod.o)
                0x0000000008000fd4                __aeabi_uldivmod
 .text          0x0000000008001004      0x2d0 /usr/lib/gcc/arm-none-eabi/10.3.1/thumb/v7e-m+fp/hard/libgcc.a(_udivmoddi4.o)
                0x0000000008001004                __udivmoddi4
 .text          0x00000000080012d4        0x4 /usr/lib/gcc/arm-none-eabi/10.3.1/thumb/v7e-m+fp/hard/libgcc.a(_dvmd_tls.o)
                0x00000000080012d4                __aeabi_ldiv0
                0x00000000080012d4                __aeabi_idiv0
 *(.text*)
 .text.main     0x00000000080012d8      0x164 build/main.o
                0x00000000080012d8                main
 .text.Error_Handler
                0x000000000800143c        0x6 build/main.o
                0x000000000800143c                Error_Handler
 *fill*         0x0000000008001442        0x2 
 .text.NMI_Handler
                0x0000000008001444        0x2 build/stm32l4xx_it.o
                0x0000000008001444                NMI_Handler
 *fill*         0x0000000008001446        0x2 
 .text.HardFault_Handler
                0x0000000008001448        0x2 build/stm32l4xx_it.o
                0x0000000008001448                HardFault_Handler
 *fill*         0x000000000800144a        0x2 
 .text.MemManage_Handler
                0x000000000800144c        0x2 build/stm32l4xx_it.o
                0x000000000800144c                MemManage_Handler
 *fill*         0x000000000800144e        0x2 
 .text.BusFault_Handler
                0x0000000008001450        0x2 build/stm32l4xx_it.o
                0x0000000008001450                BusFault_Handler
 *fill*         0x0000000008001452        0x2 
 .text.UsageFault_Handler
                0x0000000008001454        0x2 build/stm32l4xx_it.o
                0x0000000008001454                UsageFault_Handler
 .text.SVC_Handler
                0x0000000008001456        0x2 build/stm32l4xx_it.o
                0x0000000008001456                SVC_Handler
 .text.DebugMon_Handler
                0x0000000008001458        0x2 build/stm32l4xx_it.o
                0x0000000008001458                DebugMon_Handler
 .text.PendSV_Handler
                0x000000000800145a        0x2 build/stm32l4xx_it.o
                0x000000000800145a                PendSV_Handler
 .text.SysTick_Handler
                0x000000000800145c        0xa build/stm32l4xx_it.o
                0x000000000800145c                SysTick_Handler
 .text.HAL_MspInit
                0x0000000008001466       0x32 build/stm32l4xx_hal_msp.o
                0x0000000008001466                HAL_MspInit
 .text.HAL_UART_MspInit
                0x0000000008001498       0x8e build/stm32l4xx_hal_msp.o
                0x0000000008001498                HAL_UART_MspInit
 .text.HAL_UART_Init
                0x0000000008001526       0x60 build/stm32l4xx_hal_uart.o
                0x0000000008001526                HAL_UART_Init
 .text.UART_AdvFeatureConfig
                0x0000000008001586       0xe8 build/stm32l4xx_hal_uart.o
                0x0000000008001586                UART_AdvFeatureConfig
 *fill*         0x000000000800166e        0x2 
 .text.UART_SetConfig
                0x0000000008001670      0x256 build/stm32l4xx_hal_uart.o
                0x0000000008001670                UART_SetConfig
 *fill*         0x00000000080018c6        0x2 
 .text.UART_CheckIdleState
                0x00000000080018c8       0xbe build/stm32l4xx_hal_uart.o
                0x00000000080018c8                UART_CheckIdleState
 *fill*         0x0000000008001986        0x2 
 .text.UART_WaitOnFlagUntilTimeout
                0x0000000008001988      0x13a build/stm32l4xx_hal_uart.o
                0x0000000008001988                UART_WaitOnFlagUntilTimeout
 .text.HAL_Init
                0x0000000008001ac2       0x30 build/stm32l4xx_hal.o
                0x0000000008001ac2                HAL_Init
 .text.HAL_InitTick
                0x0000000008001af2       0x56 build/stm32l4xx_hal.o
                0x0000000008001af2                HAL_InitTick
 .text.HAL_IncTick
                0x0000000008001b48       0x1a build/stm32l4xx_hal.o
                0x0000000008001b48                HAL_IncTick
 .text.HAL_GetTick
                0x0000000008001b62        0xc build/stm32l4xx_hal.o
                0x0000000008001b62                HAL_GetTick
 *fill*         0x0000000008001b6e        0x2 
 .text.HAL_Delay
                0x0000000008001b70       0x28 build/stm32l4xx_hal.o
                0x0000000008001b70                HAL_Delay
 .text.HAL_RCC_OscConfig
                0x0000000008001b98      0x7aa build/stm32l4xx_hal_rcc.o
                0x0000000008001b98                HAL_RCC_OscConfig
 .text.HAL_RCC_GetSysClockFreq
                0x0000000008002342       0xc0 build/stm32l4xx_hal_rcc.o
                0x0000000008002342                HAL_RCC_GetSysClockFreq
 *fill*         0x0000000008002402        0x2 
 .text.HAL_RCC_ClockConfig
                0x0000000008002404      0x250 build/stm32l4xx_hal_rcc.o
                0x0000000008002404                HAL_RCC_ClockConfig
 .text.HAL_RCC_GetPCLK1Freq
                0x0000000008002654       0x2a build/stm32l4xx_hal_rcc.o
                0x0000000008002654                HAL_RCC_GetPCLK1Freq
 .text.HAL_RCC_GetPCLK2Freq
                0x000000000800267e       0x2a build/stm32l4xx_hal_rcc.o
                0x000000000800267e                HAL_RCC_GetPCLK2Freq
 .text.HAL_RCCEx_PeriphCLKConfig
                0x00000000080026a8      0x37a build/stm32l4xx_hal_rcc_ex.o
                0x00000000080026a8                HAL_RCCEx_PeriphCLKConfig
 *fill*         0x0000000008002a22        0x2 
 .text.RCCEx_PLLSAI1_Config
                0x0000000008002a24      0x192 build/stm32l4xx_hal_rcc_ex.o
 *fill*         0x0000000008002bb6        0x2 
 .text.HAL_GPIO_Init
                0x0000000008002bb8      0x1b0 build/stm32l4xx_hal_gpio.o
                0x0000000008002bb8                HAL_GPIO_Init
 .text.HAL_GPIO_WritePin
                0x0000000008002d68        0xc build/stm32l4xx_hal_gpio.o
                0x0000000008002d68                HAL_GPIO_WritePin
 .text.HAL_PWREx_GetVoltageRange
                0x0000000008002d74       0x10 build/stm32l4xx_hal_pwr_ex.o
                0x0000000008002d74                HAL_PWREx_GetVoltageRange
 .text.HAL_PWREx_ControlVoltageScaling
                0x0000000008002d84       0x86 build/stm32l4xx_hal_pwr_ex.o
                0x0000000008002d84                HAL_PWREx_ControlVoltageScaling
 .text.HAL_NVIC_SetPriorityGrouping
                0x0000000008002e0a       0x20 build/stm32l4xx_hal_cortex.o
                0x0000000008002e0a                HAL_NVIC_SetPriorityGrouping
 .text.HAL_NVIC_SetPriority
                0x0000000008002e2a       0x58 build/stm32l4xx_hal_cortex.o
                0x0000000008002e2a                HAL_NVIC_SetPriority
 .text.HAL_SYSTICK_Config
                0x0000000008002e82       0x2c build/stm32l4xx_hal_cortex.o
                0x0000000008002e82                HAL_SYSTICK_Config
 .text.SystemInit
                0x0000000008002eae       0x12 build/system_stm32l4xx.o
                0x0000000008002eae                SystemInit
 .text.Reset_Handler
                0x0000000008002ec0       0x50 build/startup_stm32l452xx.o
                0x0000000008002ec0                Reset_Handler
 .text.Default_Handler
                0x0000000008002f10        0x2 build/startup_stm32l452xx.o
                0x0000000008002f10                RTC_Alarm_IRQHandler
                0x0000000008002f10                EXTI2_IRQHandler
                0x0000000008002f10                TIM1_CC_IRQHandler
                0x0000000008002f10                TSC_IRQHandler
                0x0000000008002f10                TAMP_STAMP_IRQHandler
                0x0000000008002f10                EXTI3_IRQHandler
                0x0000000008002f10                LPTIM2_IRQHandler
                0x0000000008002f10                DFSDM1_FLT1_IRQHandler
                0x0000000008002f10                I2C3_ER_IRQHandler
                0x0000000008002f10                EXTI0_IRQHandler
                0x0000000008002f10                I2C2_EV_IRQHandler
                0x0000000008002f10                CAN1_RX0_IRQHandler
                0x0000000008002f10                FPU_IRQHandler
                0x0000000008002f10                TIM1_UP_TIM16_IRQHandler
                0x0000000008002f10                SPI1_IRQHandler
                0x0000000008002f10                TIM6_DAC_IRQHandler
                0x0000000008002f10                DMA2_Channel2_IRQHandler
                0x0000000008002f10                DMA1_Channel4_IRQHandler
                0x0000000008002f10                ADC1_IRQHandler
                0x0000000008002f10                USART3_IRQHandler
                0x0000000008002f10                DMA1_Channel7_IRQHandler
                0x0000000008002f10                CAN1_RX1_IRQHandler
                0x0000000008002f10                DMA2_Channel1_IRQHandler
                0x0000000008002f10                QUADSPI_IRQHandler
                0x0000000008002f10                I2C1_EV_IRQHandler
                0x0000000008002f10                DMA1_Channel6_IRQHandler
                0x0000000008002f10                UART4_IRQHandler
                0x0000000008002f10                DMA2_Channel4_IRQHandler
                0x0000000008002f10                TIM3_IRQHandler
                0x0000000008002f10                RCC_IRQHandler
                0x0000000008002f10                TIM1_TRG_COM_IRQHandler
                0x0000000008002f10                DMA1_Channel1_IRQHandler
                0x0000000008002f10                Default_Handler
                0x0000000008002f10                DMA2_Channel7_IRQHandler
                0x0000000008002f10                EXTI15_10_IRQHandler
                0x0000000008002f10                SDMMC1_IRQHandler
                0x0000000008002f10                I2C3_EV_IRQHandler
                0x0000000008002f10                USB_IRQHandler
                0x0000000008002f10                EXTI9_5_IRQHandler
                0x0000000008002f10                RTC_WKUP_IRQHandler
                0x0000000008002f10                PVD_PVM_IRQHandler
                0x0000000008002f10                SPI2_IRQHandler
                0x0000000008002f10                CAN1_TX_IRQHandler
                0x0000000008002f10                DMA2_Channel5_IRQHandler
                0x0000000008002f10                CRS_IRQHandler
                0x0000000008002f10                DMA1_Channel5_IRQHandler
                0x0000000008002f10                EXTI4_IRQHandler
                0x0000000008002f10                RNG_IRQHandler
                0x0000000008002f10                DMA1_Channel3_IRQHandler
                0x0000000008002f10                COMP_IRQHandler
                0x0000000008002f10                WWDG_IRQHandler
                0x0000000008002f10                I2C4_EV_IRQHandler
                0x0000000008002f10                LPUART1_IRQHandler
                0x0000000008002f10                DMA2_Channel6_IRQHandler
                0x0000000008002f10                TIM2_IRQHandler
                0x0000000008002f10                EXTI1_IRQHandler
                0x0000000008002f10                USART2_IRQHandler
                0x0000000008002f10                DFSDM1_FLT0_IRQHandler
                0x0000000008002f10                I2C2_ER_IRQHandler
                0x0000000008002f10                DMA1_Channel2_IRQHandler
                0x0000000008002f10                CAN1_SCE_IRQHandler
                0x0000000008002f10                FLASH_IRQHandler
                0x0000000008002f10                USART1_IRQHandler
                0x0000000008002f10                SPI3_IRQHandler
                0x0000000008002f10                I2C1_ER_IRQHandler
                0x0000000008002f10                LPTIM1_IRQHandler
                0x0000000008002f10                I2C4_ER_IRQHandler
                0x0000000008002f10                SAI1_IRQHandler
                0x0000000008002f10                DMA2_Channel3_IRQHandler
                0x0000000008002f10                TIM1_BRK_TIM15_IRQHandler
 *(.glue_7)
 .glue_7        0x0000000008002f12        0x0 linker stubs
 *(.glue_7t)
 .glue_7t       0x0000000008002f12        0x0 linker stubs
 *(.eh_frame)
 *fill*         0x0000000008002f12        0x2 
 .eh_frame      0x0000000008002f14        0x0 /usr/lib/gcc/arm-none-eabi/10.3.1/thumb/v7e-m+fp/hard/crtbegin.o
 *(.init)
 .init          0x0000000008002f14        0x4 /usr/lib/gcc/arm-none-eabi/10.3.1/thumb/v7e-m+fp/hard/crti.o
                0x0000000008002f14                _init
 .init          0x0000000008002f18        0x8 /usr/lib/gcc/arm-none-eabi/10.3.1/thumb/v7e-m+fp/hard/crtn.o
 *(.fini)
 .fini          0x0000000008002f20        0x4 /usr/lib/gcc/arm-none-eabi/10.3.1/thumb/v7e-m+fp/hard/crti.o
                0x0000000008002f20                _fini
 .fini          0x0000000008002f24        0x8 /usr/lib/gcc/arm-none-eabi/10.3.1/thumb/v7e-m+fp/hard/crtn.o
                0x0000000008002f30                . = ALIGN (0x8)
 *fill*         0x0000000008002f2c        0x4 
                0x0000000008002f30                _etext = .

.vfp11_veneer   0x0000000008002f30        0x0
 .vfp11_veneer  0x0000000008002f30        0x0 linker stubs

.v4_bx          0x0000000008002f30        0x0
 .v4_bx         0x0000000008002f30        0x0 linker stubs

.iplt           0x0000000008002f30        0x0
 .iplt          0x0000000008002f30        0x0 /usr/lib/gcc/arm-none-eabi/10.3.1/thumb/v7e-m+fp/hard/crtbegin.o

.rodata         0x0000000008002f30       0xe0
                0x0000000008002f30                . = ALIGN (0x8)
 *(.rodata)
 .rodata        0x0000000008002f30        0x4 /usr/lib/gcc/arm-none-eabi/10.3.1/../../../arm-none-eabi/lib/thumb/v7e-m+fp/hard/libc_nano.a(lib_a-impure.o)
                0x0000000008002f30                _global_impure_ptr
 .rodata        0x0000000008002f34       0x60 /usr/lib/gcc/arm-none-eabi/10.3.1/../../../arm-none-eabi/lib/thumb/v7e-m+fp/hard/libc_nano.a(lib_a-findfp.o)
                0x0000000008002f34                __sf_fake_stderr
                0x0000000008002f54                __sf_fake_stdout
                0x0000000008002f74                __sf_fake_stdin
 *(.rodata*)
 .rodata.str1.1
                0x0000000008002f94        0xd build/main.o
 *fill*         0x0000000008002fa1        0x3 
 .rodata.cst16  0x0000000008002fa4       0x20 build/stm32l4xx_hal_uart.o
 .rodata.AHBPrescTable
                0x0000000008002fc4       0x10 build/system_stm32l4xx.o
                0x0000000008002fc4                AHBPrescTable
 .rodata.APBPrescTable
                0x0000000008002fd4        0x8 build/system_stm32l4xx.o
                0x0000000008002fd4                APBPrescTable
 .rodata.MSIRangeTable
                0x0000000008002fdc       0x30 build/system_stm32l4xx.o
                0x0000000008002fdc                MSIRangeTable
                0x0000000008003010                . = ALIGN (0x8)
 *fill*         0x000000000800300c        0x4 

.ARM.extab      0x0000000008003010        0x0
                0x0000000008003010                . = ALIGN (0x8)
 *(.ARM.extab* .gnu.linkonce.armextab.*)
                0x0000000008003010                . = ALIGN (0x8)

.ARM            0x0000000008003010        0x8
                0x0000000008003010                . = ALIGN (0x8)
                0x0000000008003010                __exidx_start = .
 *(.ARM.exidx*)
 .ARM.exidx     0x0000000008003010        0x8 /usr/lib/gcc/arm-none-eabi/10.3.1/thumb/v7e-m+fp/hard/libgcc.a(_udivmoddi4.o)
 .ARM.exidx.text.main
                0x0000000008003018        0x0 build/main.o
                                          0x8 (size before relaxing)
 .ARM.exidx.text.Error_Handler
                0x0000000008003018        0x0 build/main.o
                                          0x8 (size before relaxing)
 .ARM.exidx.text.NMI_Handler
                0x0000000008003018        0x0 build/stm32l4xx_it.o
                                          0x8 (size before relaxing)
 .ARM.exidx.text.HardFault_Handler
                0x0000000008003018        0x0 build/stm32l4xx_it.o
                                          0x8 (size before relaxing)
 .ARM.exidx.text.MemManage_Handler
                0x0000000008003018        0x0 build/stm32l4xx_it.o
                                          0x8 (size before relaxing)
 .ARM.exidx.text.BusFault_Handler
                0x0000000008003018        0x0 build/stm32l4xx_it.o
                                          0x8 (size before relaxing)
 .ARM.exidx.text.UsageFault_Handler
                0x0000000008003018        0x0 build/stm32l4xx_it.o
                                          0x8 (size before relaxing)
 .ARM.exidx.text.SVC_Handler
                0x0000000008003018        0x0 build/stm32l4xx_it.o
                                          0x8 (size before relaxing)
 .ARM.exidx.text.DebugMon_Handler
                0x0000000008003018        0x0 build/stm32l4xx_it.o
                                          0x8 (size before relaxing)
 .ARM.exidx.text.PendSV_Handler
                0x0000000008003018        0x0 build/stm32l4xx_it.o
                                          0x8 (size before relaxing)
 .ARM.exidx.text.SysTick_Handler
                0x0000000008003018        0x0 build/stm32l4xx_it.o
                                          0x8 (size before relaxing)
 .ARM.exidx.text.HAL_MspInit
                0x0000000008003018        0x0 build/stm32l4xx_hal_msp.o
                                          0x8 (size before relaxing)
 .ARM.exidx.text.HAL_UART_MspInit
                0x0000000008003018        0x0 build/stm32l4xx_hal_msp.o
                                          0x8 (size before relaxing)
 .ARM.exidx.text.HAL_UART_Init
                0x0000000008003018        0x0 build/stm32l4xx_hal_uart.o
                                          0x8 (size before relaxing)
 .ARM.exidx.text.UART_AdvFeatureConfig
                0x0000000008003018        0x0 build/stm32l4xx_hal_uart.o
                                          0x8 (size before relaxing)
 .ARM.exidx.text.UART_SetConfig
                0x0000000008003018        0x0 build/stm32l4xx_hal_uart.o
                                          0x8 (size before relaxing)
 .ARM.exidx.text.UART_CheckIdleState
                0x0000000008003018        0x0 build/stm32l4xx_hal_uart.o
                                          0x8 (size before relaxing)
 .ARM.exidx.text.UART_WaitOnFlagUntilTimeout
                0x0000000008003018        0x0 build/stm32l4xx_hal_uart.o
                                          0x8 (size before relaxing)
 .ARM.exidx.text.HAL_Init
                0x0000000008003018        0x0 build/stm32l4xx_hal.o
                                          0x8 (size before relaxing)
 .ARM.exidx.text.HAL_InitTick
                0x0000000008003018        0x0 build/stm32l4xx_hal.o
                                          0x8 (size before relaxing)
 .ARM.exidx.text.HAL_IncTick
                0x0000000008003018        0x0 build/stm32l4xx_hal.o
                                          0x8 (size before relaxing)
 .ARM.exidx.text.HAL_GetTick
                0x0000000008003018        0x0 build/stm32l4xx_hal.o
                                          0x8 (size before relaxing)
 .ARM.exidx.text.HAL_Delay
                0x0000000008003018        0x0 build/stm32l4xx_hal.o
                                          0x8 (size before relaxing)
 .ARM.exidx.text.HAL_RCC_OscConfig
                0x0000000008003018        0x0 build/stm32l4xx_hal_rcc.o
                                          0x8 (size before relaxing)
 .ARM.exidx.text.HAL_RCC_GetSysClockFreq
                0x0000000008003018        0x0 build/stm32l4xx_hal_rcc.o
                                          0x8 (size before relaxing)
 .ARM.exidx.text.HAL_RCC_ClockConfig
                0x0000000008003018        0x0 build/stm32l4xx_hal_rcc.o
                                          0x8 (size before relaxing)
 .ARM.exidx.text.HAL_RCC_GetPCLK1Freq
                0x0000000008003018        0x0 build/stm32l4xx_hal_rcc.o
                                          0x8 (size before relaxing)
 .ARM.exidx.text.HAL_RCC_GetPCLK2Freq
                0x0000000008003018        0x0 build/stm32l4xx_hal_rcc.o
                                          0x8 (size before relaxing)
 .ARM.exidx.text.HAL_RCCEx_PeriphCLKConfig
                0x0000000008003018        0x0 build/stm32l4xx_hal_rcc_ex.o
                                          0x8 (size before relaxing)
 .ARM.exidx.text.RCCEx_PLLSAI1_Config
                0x0000000008003018        0x0 build/stm32l4xx_hal_rcc_ex.o
                                          0x8 (size before relaxing)
 .ARM.exidx.text.HAL_GPIO_Init
                0x0000000008003018        0x0 build/stm32l4xx_hal_gpio.o
                                          0x8 (size before relaxing)
 .ARM.exidx.text.HAL_GPIO_WritePin
                0x0000000008003018        0x0 build/stm32l4xx_hal_gpio.o
                                          0x8 (size before relaxing)
 .ARM.exidx.text.HAL_PWREx_GetVoltageRange
                0x0000000008003018        0x0 build/stm32l4xx_hal_pwr_ex.o
                                          0x8 (size before relaxing)
 .ARM.exidx.text.HAL_PWREx_ControlVoltageScaling
                0x0000000008003018        0x0 build/stm32l4xx_hal_pwr_ex.o
                                          0x8 (size before relaxing)
 .ARM.exidx.text.HAL_NVIC_SetPriorityGrouping
                0x0000000008003018        0x0 build/stm32l4xx_hal_cortex.o
                                          0x8 (size before relaxing)
 .ARM.exidx.text.HAL_NVIC_SetPriority
                0x0000000008003018        0x0 build/stm32l4xx_hal_cortex.o
                                          0x8 (size before relaxing)
 .ARM.exidx.text.HAL_SYSTICK_Config
                0x0000000008003018        0x0 build/stm32l4xx_hal_cortex.o
                                          0x8 (size before relaxing)
 .ARM.exidx.text.SystemInit
                0x0000000008003018        0x0 build/system_stm32l4xx.o
                                          0x8 (size before relaxing)
                0x0000000008003018                __exidx_end = .
                0x0000000008003018                . = ALIGN (0x8)

.rel.dyn        0x0000000008003018        0x0
 .rel.iplt      0x0000000008003018        0x0 /usr/lib/gcc/arm-none-eabi/10.3.1/thumb/v7e-m+fp/hard/crtbegin.o

.preinit_array  0x0000000008003018        0x0
                0x0000000008003018                . = ALIGN (0x8)
                0x0000000008003018                PROVIDE (__preinit_array_start = .)
 *(.preinit_array*)
                0x0000000008003018                PROVIDE (__preinit_array_end = .)
                0x0000000008003018                . = ALIGN (0x8)

.init_array     0x0000000008003018        0x8
                0x0000000008003018                . = ALIGN (0x8)
                0x0000000008003018                PROVIDE (__init_array_start = .)
 *(SORT_BY_NAME(.init_array.*))
 *(.init_array*)
 .init_array    0x0000000008003018        0x4 /usr/lib/gcc/arm-none-eabi/10.3.1/thumb/v7e-m+fp/hard/crtbegin.o
                0x000000000800301c                PROVIDE (__init_array_end = .)
                0x0000000008003020                . = ALIGN (0x8)
 *fill*         0x000000000800301c        0x4 

.fini_array     0x0000000008003020        0x8
                0x0000000008003020                . = ALIGN (0x8)
                0x0000000008003020                PROVIDE (__fini_array_start = .)
 *(SORT_BY_NAME(.fini_array.*))
 *(.fini_array*)
 .fini_array    0x0000000008003020        0x4 /usr/lib/gcc/arm-none-eabi/10.3.1/thumb/v7e-m+fp/hard/crtbegin.o
                0x0000000008003024                PROVIDE (__fini_array_end = .)
                0x0000000008003028                . = ALIGN (0x8)
 *fill*         0x0000000008003024        0x4 
                0x0000000008003028                _sidata = LOADADDR (.data)

.data           0x0000000020000000       0x70 load address 0x0000000008003028
                0x0000000020000000                . = ALIGN (0x8)
                0x0000000020000000                _sdata = .
 *(.data)
 .data          0x0000000020000000       0x64 /usr/lib/gcc/arm-none-eabi/10.3.1/../../../arm-none-eabi/lib/thumb/v7e-m+fp/hard/libc_nano.a(lib_a-impure.o)
                0x0000000020000000                _impure_ptr
 *(.data*)
 .data.uwTickPrio
                0x0000000020000064        0x4 build/stm32l4xx_hal.o
                0x0000000020000064                uwTickPrio
 .data.uwTickFreq
                0x0000000020000068        0x1 build/stm32l4xx_hal.o
                0x0000000020000068                uwTickFreq
 *fill*         0x0000000020000069        0x3 
 .data.SystemCoreClock
                0x000000002000006c        0x4 build/system_stm32l4xx.o
                0x000000002000006c                SystemCoreClock
                0x0000000020000070                . = ALIGN (0x8)
                0x0000000020000070                _edata = .

.tm_clone_table
                0x0000000020000070        0x0 load address 0x0000000008003098
 .tm_clone_table
                0x0000000020000070        0x0 /usr/lib/gcc/arm-none-eabi/10.3.1/thumb/v7e-m+fp/hard/crtbegin.o
 .tm_clone_table
                0x0000000020000070        0x0 /usr/lib/gcc/arm-none-eabi/10.3.1/thumb/v7e-m+fp/hard/crtend.o

.igot.plt       0x0000000020000070        0x0 load address 0x0000000008003098
 .igot.plt      0x0000000020000070        0x0 /usr/lib/gcc/arm-none-eabi/10.3.1/thumb/v7e-m+fp/hard/crtbegin.o
                0x0000000020000070                . = ALIGN (0x4)

.bss            0x0000000020000070       0xb8 load address 0x0000000008003098
                0x0000000020000070                _sbss = .
                0x0000000020000070                __bss_start__ = _sbss
 *(.bss)
 .bss           0x0000000020000070       0x1c /usr/lib/gcc/arm-none-eabi/10.3.1/thumb/v7e-m+fp/hard/crtbegin.o
 .bss           0x000000002000008c        0x8 /usr/lib/gcc/arm-none-eabi/10.3.1/../../../arm-none-eabi/lib/thumb/v7e-m+fp/hard/libc_nano.a(lib_a-nano-mallocr.o)
                0x000000002000008c                __malloc_free_list
                0x0000000020000090                __malloc_sbrk_start
 .bss           0x0000000020000094        0x4 /usr/lib/gcc/arm-none-eabi/10.3.1/../../../arm-none-eabi/lib/thumb/v7e-m+fp/hard/libc_nano.a(lib_a-reent.o)
                0x0000000020000094                errno
 .bss           0x0000000020000098        0x4 /usr/lib/gcc/arm-none-eabi/10.3.1/../../../arm-none-eabi/lib/thumb/v7e-m+fp/hard/libnosys.a(sbrk.o)
 *(.bss*)
 .bss.huart2    0x000000002000009c       0x88 build/main.o
                0x000000002000009c                huart2
 .bss.uwTick    0x0000000020000124        0x4 build/stm32l4xx_hal.o
                0x0000000020000124                uwTick
 *(COMMON)
                0x0000000020000128                . = ALIGN (0x4)
                0x0000000020000128                _ebss = .
                0x0000000020000128                __bss_end__ = _ebss

._user_heap_stack
                0x0000000020000128      0x600 load address 0x0000000008003098
                0x0000000020000128                . = ALIGN (0x8)
                0x0000000020000128                PROVIDE (end = .)
                [!provide]                        PROVIDE (_end = .)
                0x0000000020000328                . = (. + _Min_Heap_Size)
 *fill*         0x0000000020000128      0x200 
                0x0000000020000728                . = (. + _Min_Stack_Size)
 *fill*         0x0000000020000328      0x400 
                0x0000000020000728                . = ALIGN (0x8)

/DISCARD/
 libc.a(*)
 libm.a(*)
 libgcc.a(*)

.ARM.attributes
                0x0000000000000000       0x36
 *(.ARM.attributes)
 .ARM.attributes
                0x0000000000000000       0x1e /usr/lib/gcc/arm-none-eabi/10.3.1/thumb/v7e-m+fp/hard/crti.o
 .ARM.attributes
                0x000000000000001e       0x34 /usr/lib/gcc/arm-none-eabi/10.3.1/thumb/v7e-m+fp/hard/crtbegin.o
 .ARM.attributes
                0x0000000000000052       0x49 build/main.o
 .ARM.attributes
                0x000000000000009b       0x49 build/stm32l4xx_it.o
 .ARM.attributes
                0x00000000000000e4       0x49 build/stm32l4xx_hal_msp.o
 .ARM.attributes
                0x000000000000012d       0x49 build/stm32l4xx_hal_uart.o
 .ARM.attributes
                0x0000000000000176       0x49 build/stm32l4xx_hal.o
 .ARM.attributes
                0x00000000000001bf       0x49 build/stm32l4xx_hal_rcc.o
 .ARM.attributes
                0x0000000000000208       0x49 build/stm32l4xx_hal_rcc_ex.o
 .ARM.attributes
                0x0000000000000251       0x49 build/stm32l4xx_hal_gpio.o
 .ARM.attributes
                0x000000000000029a       0x49 build/stm32l4xx_hal_pwr_ex.o
 .ARM.attributes
                0x00000000000002e3       0x49 build/stm32l4xx_hal_cortex.o
 .ARM.attributes
                0x000000000000032c       0x49 build/system_stm32l4xx.o
 .ARM.attributes
                0x0000000000000375       0x21 build/startup_stm32l452xx.o
 .ARM.attributes
                0x0000000000000396       0x34 /usr/lib/gcc/arm-none-eabi/10.3.1/../../../arm-none-eabi/lib/thumb/v7e-m+fp/hard/libc_nano.a(lib_a-aeabi_memclr.o)
 .ARM.attributes
                0x00000000000003ca       0x1c /usr/lib/gcc/arm-none-eabi/10.3.1/../../../arm-none-eabi/lib/thumb/v7e-m+fp/hard/libc_nano.a(lib_a-aeabi_memset-soft.o)
 .ARM.attributes
                0x00000000000003e6       0x32 /usr/lib/gcc/arm-none-eabi/10.3.1/../../../arm-none-eabi/lib/thumb/v7e-m+fp/hard/libc_nano.a(lib_a-impure.o)
 .ARM.attributes
                0x0000000000000418       0x34 /usr/lib/gcc/arm-none-eabi/10.3.1/../../../arm-none-eabi/lib/thumb/v7e-m+fp/hard/libc_nano.a(lib_a-init.o)
 .ARM.attributes
                0x000000000000044c       0x34 /usr/lib/gcc/arm-none-eabi/10.3.1/../../../arm-none-eabi/lib/thumb/v7e-m+fp/hard/libc_nano.a(lib_a-memset.o)
 .ARM.attributes
                0x0000000000000480       0x34 /usr/lib/gcc/arm-none-eabi/10.3.1/../../../arm-none-eabi/lib/thumb/v7e-m+fp/hard/libc_nano.a(lib_a-puts.o)
 .ARM.attributes
                0x00000000000004b4       0x34 /usr/lib/gcc/arm-none-eabi/10.3.1/../../../arm-none-eabi/lib/thumb/v7e-m+fp/hard/libc_nano.a(lib_a-wbuf.o)
 .ARM.attributes
                0x00000000000004e8       0x34 /usr/lib/gcc/arm-none-eabi/10.3.1/../../../arm-none-eabi/lib/thumb/v7e-m+fp/hard/libc_nano.a(lib_a-wsetup.o)
 .ARM.attributes
                0x000000000000051c       0x34 /usr/lib/gcc/arm-none-eabi/10.3.1/../../../arm-none-eabi/lib/thumb/v7e-m+fp/hard/libc_nano.a(lib_a-fflush.o)
 .ARM.attributes
                0x0000000000000550       0x34 /usr/lib/gcc/arm-none-eabi/10.3.1/../../../arm-none-eabi/lib/thumb/v7e-m+fp/hard/libc_nano.a(lib_a-findfp.o)
 .ARM.attributes
                0x0000000000000584       0x34 /usr/lib/gcc/arm-none-eabi/10.3.1/../../../arm-none-eabi/lib/thumb/v7e-m+fp/hard/libc_nano.a(lib_a-fwalk.o)
 .ARM.attributes
                0x00000000000005b8       0x34 /usr/lib/gcc/arm-none-eabi/10.3.1/../../../arm-none-eabi/lib/thumb/v7e-m+fp/hard/libc_nano.a(lib_a-makebuf.o)
 .ARM.attributes
                0x00000000000005ec       0x34 /usr/lib/gcc/arm-none-eabi/10.3.1/../../../arm-none-eabi/lib/thumb/v7e-m+fp/hard/libc_nano.a(lib_a-nano-freer.o)
 .ARM.attributes
                0x0000000000000620       0x34 /usr/lib/gcc/arm-none-eabi/10.3.1/../../../arm-none-eabi/lib/thumb/v7e-m+fp/hard/libc_nano.a(lib_a-nano-mallocr.o)
 .ARM.attributes
                0x0000000000000654       0x34 /usr/lib/gcc/arm-none-eabi/10.3.1/../../../arm-none-eabi/lib/thumb/v7e-m+fp/hard/libc_nano.a(lib_a-sbrkr.o)
 .ARM.attributes
                0x0000000000000688       0x34 /usr/lib/gcc/arm-none-eabi/10.3.1/../../../arm-none-eabi/lib/thumb/v7e-m+fp/hard/libc_nano.a(lib_a-stdio.o)
 .ARM.attributes
                0x00000000000006bc       0x34 /usr/lib/gcc/arm-none-eabi/10.3.1/../../../arm-none-eabi/lib/thumb/v7e-m+fp/hard/libc_nano.a(lib_a-writer.o)
 .ARM.attributes
                0x00000000000006f0       0x34 /usr/lib/gcc/arm-none-eabi/10.3.1/../../../arm-none-eabi/lib/thumb/v7e-m+fp/hard/libc_nano.a(lib_a-closer.o)
 .ARM.attributes
                0x0000000000000724       0x34 /usr/lib/gcc/arm-none-eabi/10.3.1/../../../arm-none-eabi/lib/thumb/v7e-m+fp/hard/libc_nano.a(lib_a-fstatr.o)
 .ARM.attributes
                0x0000000000000758       0x34 /usr/lib/gcc/arm-none-eabi/10.3.1/../../../arm-none-eabi/lib/thumb/v7e-m+fp/hard/libc_nano.a(lib_a-isattyr.o)
 .ARM.attributes
                0x000000000000078c       0x34 /usr/lib/gcc/arm-none-eabi/10.3.1/../../../arm-none-eabi/lib/thumb/v7e-m+fp/hard/libc_nano.a(lib_a-lseekr.o)
 .ARM.attributes
                0x00000000000007c0       0x34 /usr/lib/gcc/arm-none-eabi/10.3.1/../../../arm-none-eabi/lib/thumb/v7e-m+fp/hard/libc_nano.a(lib_a-mlock.o)
 .ARM.attributes
                0x00000000000007f4       0x34 /usr/lib/gcc/arm-none-eabi/10.3.1/../../../arm-none-eabi/lib/thumb/v7e-m+fp/hard/libc_nano.a(lib_a-readr.o)
 .ARM.attributes
                0x0000000000000828       0x34 /usr/lib/gcc/arm-none-eabi/10.3.1/../../../arm-none-eabi/lib/thumb/v7e-m+fp/hard/libc_nano.a(lib_a-reent.o)
 .ARM.attributes
                0x000000000000085c       0x34 /usr/lib/gcc/arm-none-eabi/10.3.1/../../../arm-none-eabi/lib/thumb/v7e-m+fp/hard/libnosys.a(close.o)
 .ARM.attributes
                0x0000000000000890       0x34 /usr/lib/gcc/arm-none-eabi/10.3.1/../../../arm-none-eabi/lib/thumb/v7e-m+fp/hard/libnosys.a(fstat.o)
 .ARM.attributes
                0x00000000000008c4       0x34 /usr/lib/gcc/arm-none-eabi/10.3.1/../../../arm-none-eabi/lib/thumb/v7e-m+fp/hard/libnosys.a(isatty.o)
 .ARM.attributes
                0x00000000000008f8       0x34 /usr/lib/gcc/arm-none-eabi/10.3.1/../../../arm-none-eabi/lib/thumb/v7e-m+fp/hard/libnosys.a(lseek.o)
 .ARM.attributes
                0x000000000000092c       0x34 /usr/lib/gcc/arm-none-eabi/10.3.1/../../../arm-none-eabi/lib/thumb/v7e-m+fp/hard/libnosys.a(read.o)
 .ARM.attributes
                0x0000000000000960       0x34 /usr/lib/gcc/arm-none-eabi/10.3.1/../../../arm-none-eabi/lib/thumb/v7e-m+fp/hard/libnosys.a(sbrk.o)
 .ARM.attributes
                0x0000000000000994       0x34 /usr/lib/gcc/arm-none-eabi/10.3.1/../../../arm-none-eabi/lib/thumb/v7e-m+fp/hard/libnosys.a(write.o)
 .ARM.attributes
                0x00000000000009c8       0x1e /usr/lib/gcc/arm-none-eabi/10.3.1/thumb/v7e-m+fp/hard/libgcc.a(_aeabi_uldivmod.o)
 .ARM.attributes
                0x00000000000009e6       0x34 /usr/lib/gcc/arm-none-eabi/10.3.1/thumb/v7e-m+fp/hard/libgcc.a(_udivmoddi4.o)
 .ARM.attributes
                0x0000000000000a1a       0x1e /usr/lib/gcc/arm-none-eabi/10.3.1/thumb/v7e-m+fp/hard/libgcc.a(_dvmd_tls.o)
 .ARM.attributes
                0x0000000000000a38       0x32 /usr/lib/gcc/arm-none-eabi/10.3.1/thumb/v7e-m+fp/hard/crtend.o
 .ARM.attributes
                0x0000000000000a6a       0x1e /usr/lib/gcc/arm-none-eabi/10.3.1/thumb/v7e-m+fp/hard/crtn.o
OUTPUT(build/test.elf elf32-littlearm)
LOAD linker stubs
LOAD /usr/lib/gcc/arm-none-eabi/10.3.1/../../../arm-none-eabi/lib/thumb/v7e-m+fp/hard/libc.a
LOAD /usr/lib/gcc/arm-none-eabi/10.3.1/../../../arm-none-eabi/lib/thumb/v7e-m+fp/hard/libm.a
LOAD /usr/lib/gcc/arm-none-eabi/10.3.1/thumb/v7e-m+fp/hard/libgcc.a

.comment        0x0000000000000000       0x5a
 .comment       0x0000000000000000       0x33 /usr/lib/gcc/arm-none-eabi/10.3.1/thumb/v7e-m+fp/hard/crtbegin.o
                                         0x34 (size before relaxing)
 .comment       0x0000000000000033       0x27 build/main.o
                                         0x28 (size before relaxing)
 .comment       0x000000000000005a       0x28 build/stm32l4xx_it.o
 .comment       0x000000000000005a       0x28 build/stm32l4xx_hal_msp.o
 .comment       0x000000000000005a       0x28 build/stm32l4xx_hal_uart.o
 .comment       0x000000000000005a       0x28 build/stm32l4xx_hal.o
 .comment       0x000000000000005a       0x28 build/stm32l4xx_hal_rcc.o
 .comment       0x000000000000005a       0x28 build/stm32l4xx_hal_rcc_ex.o
 .comment       0x000000000000005a       0x28 build/stm32l4xx_hal_gpio.o
 .comment       0x000000000000005a       0x28 build/stm32l4xx_hal_pwr_ex.o
 .comment       0x000000000000005a       0x28 build/stm32l4xx_hal_cortex.o
 .comment       0x000000000000005a       0x28 build/system_stm32l4xx.o
 .comment       0x000000000000005a       0x34 /usr/lib/gcc/arm-none-eabi/10.3.1/../../../arm-none-eabi/lib/thumb/v7e-m+fp/hard/libc_nano.a(lib_a-aeabi_memclr.o)
 .comment       0x000000000000005a       0x34 /usr/lib/gcc/arm-none-eabi/10.3.1/../../../arm-none-eabi/lib/thumb/v7e-m+fp/hard/libc_nano.a(lib_a-impure.o)
 .comment       0x000000000000005a       0x34 /usr/lib/gcc/arm-none-eabi/10.3.1/../../../arm-none-eabi/lib/thumb/v7e-m+fp/hard/libc_nano.a(lib_a-init.o)
 .comment       0x000000000000005a       0x34 /usr/lib/gcc/arm-none-eabi/10.3.1/../../../arm-none-eabi/lib/thumb/v7e-m+fp/hard/libc_nano.a(lib_a-memset.o)
 .comment       0x000000000000005a       0x34 /usr/lib/gcc/arm-none-eabi/10.3.1/../../../arm-none-eabi/lib/thumb/v7e-m+fp/hard/libc_nano.a(lib_a-puts.o)
 .comment       0x000000000000005a       0x34 /usr/lib/gcc/arm-none-eabi/10.3.1/../../../arm-none-eabi/lib/thumb/v7e-m+fp/hard/libc_nano.a(lib_a-wbuf.o)
 .comment       0x000000000000005a       0x34 /usr/lib/gcc/arm-none-eabi/10.3.1/../../../arm-none-eabi/lib/thumb/v7e-m+fp/hard/libc_nano.a(lib_a-wsetup.o)
 .comment       0x000000000000005a       0x34 /usr/lib/gcc/arm-none-eabi/10.3.1/../../../arm-none-eabi/lib/thumb/v7e-m+fp/hard/libc_nano.a(lib_a-fflush.o)
 .comment       0x000000000000005a       0x34 /usr/lib/gcc/arm-none-eabi/10.3.1/../../../arm-none-eabi/lib/thumb/v7e-m+fp/hard/libc_nano.a(lib_a-findfp.o)
 .comment       0x000000000000005a       0x34 /usr/lib/gcc/arm-none-eabi/10.3.1/../../../arm-none-eabi/lib/thumb/v7e-m+fp/hard/libc_nano.a(lib_a-fwalk.o)
 .comment       0x000000000000005a       0x34 /usr/lib/gcc/arm-none-eabi/10.3.1/../../../arm-none-eabi/lib/thumb/v7e-m+fp/hard/libc_nano.a(lib_a-makebuf.o)
 .comment       0x000000000000005a       0x34 /usr/lib/gcc/arm-none-eabi/10.3.1/../../../arm-none-eabi/lib/thumb/v7e-m+fp/hard/libc_nano.a(lib_a-nano-freer.o)
 .comment       0x000000000000005a       0x34 /usr/lib/gcc/arm-none-eabi/10.3.1/../../../arm-none-eabi/lib/thumb/v7e-m+fp/hard/libc_nano.a(lib_a-nano-mallocr.o)
 .comment       0x000000000000005a       0x34 /usr/lib/gcc/arm-none-eabi/10.3.1/../../../arm-none-eabi/lib/thumb/v7e-m+fp/hard/libc_nano.a(lib_a-sbrkr.o)
 .comment       0x000000000000005a       0x34 /usr/lib/gcc/arm-none-eabi/10.3.1/../../../arm-none-eabi/lib/thumb/v7e-m+fp/hard/libc_nano.a(lib_a-stdio.o)
 .comment       0x000000000000005a       0x34 /usr/lib/gcc/arm-none-eabi/10.3.1/../../../arm-none-eabi/lib/thumb/v7e-m+fp/hard/libc_nano.a(lib_a-writer.o)
 .comment       0x000000000000005a       0x34 /usr/lib/gcc/arm-none-eabi/10.3.1/../../../arm-none-eabi/lib/thumb/v7e-m+fp/hard/libc_nano.a(lib_a-closer.o)
 .comment       0x000000000000005a       0x34 /usr/lib/gcc/arm-none-eabi/10.3.1/../../../arm-none-eabi/lib/thumb/v7e-m+fp/hard/libc_nano.a(lib_a-fstatr.o)
 .comment       0x000000000000005a       0x34 /usr/lib/gcc/arm-none-eabi/10.3.1/../../../arm-none-eabi/lib/thumb/v7e-m+fp/hard/libc_nano.a(lib_a-isattyr.o)
 .comment       0x000000000000005a       0x34 /usr/lib/gcc/arm-none-eabi/10.3.1/../../../arm-none-eabi/lib/thumb/v7e-m+fp/hard/libc_nano.a(lib_a-lseekr.o)
 .comment       0x000000000000005a       0x34 /usr/lib/gcc/arm-none-eabi/10.3.1/../../../arm-none-eabi/lib/thumb/v7e-m+fp/hard/libc_nano.a(lib_a-mlock.o)
 .comment       0x000000000000005a       0x34 /usr/lib/gcc/arm-none-eabi/10.3.1/../../../arm-none-eabi/lib/thumb/v7e-m+fp/hard/libc_nano.a(lib_a-readr.o)
 .comment       0x000000000000005a       0x34 /usr/lib/gcc/arm-none-eabi/10.3.1/../../../arm-none-eabi/lib/thumb/v7e-m+fp/hard/libc_nano.a(lib_a-reent.o)
 .comment       0x000000000000005a       0x34 /usr/lib/gcc/arm-none-eabi/10.3.1/../../../arm-none-eabi/lib/thumb/v7e-m+fp/hard/libnosys.a(close.o)
 .comment       0x000000000000005a       0x34 /usr/lib/gcc/arm-none-eabi/10.3.1/../../../arm-none-eabi/lib/thumb/v7e-m+fp/hard/libnosys.a(fstat.o)
 .comment       0x000000000000005a       0x34 /usr/lib/gcc/arm-none-eabi/10.3.1/../../../arm-none-eabi/lib/thumb/v7e-m+fp/hard/libnosys.a(isatty.o)
 .comment       0x000000000000005a       0x34 /usr/lib/gcc/arm-none-eabi/10.3.1/../../../arm-none-eabi/lib/thumb/v7e-m+fp/hard/libnosys.a(lseek.o)
 .comment       0x000000000000005a       0x34 /usr/lib/gcc/arm-none-eabi/10.3.1/../../../arm-none-eabi/lib/thumb/v7e-m+fp/hard/libnosys.a(read.o)
 .comment       0x000000000000005a       0x34 /usr/lib/gcc/arm-none-eabi/10.3.1/../../../arm-none-eabi/lib/thumb/v7e-m+fp/hard/libnosys.a(sbrk.o)
 .comment       0x000000000000005a       0x34 /usr/lib/gcc/arm-none-eabi/10.3.1/../../../arm-none-eabi/lib/thumb/v7e-m+fp/hard/libnosys.a(write.o)
 .comment       0x000000000000005a       0x34 /usr/lib/gcc/arm-none-eabi/10.3.1/thumb/v7e-m+fp/hard/libgcc.a(_udivmoddi4.o)
 .comment       0x000000000000005a       0x34 /usr/lib/gcc/arm-none-eabi/10.3.1/thumb/v7e-m+fp/hard/crtend.o

.note.GNU-stack
                0x0000000000000000        0x0
 .note.GNU-stack
                0x0000000000000000        0x0 build/main.o
 .note.GNU-stack
                0x0000000000000000        0x0 build/stm32l4xx_it.o
 .note.GNU-stack
                0x0000000000000000        0x0 build/stm32l4xx_hal_msp.o
 .note.GNU-stack
                0x0000000000000000        0x0 build/stm32l4xx_hal_uart.o
 .note.GNU-stack
                0x0000000000000000        0x0 build/stm32l4xx_hal.o
 .note.GNU-stack
                0x0000000000000000        0x0 build/stm32l4xx_hal_rcc.o
 .note.GNU-stack
                0x0000000000000000        0x0 build/stm32l4xx_hal_rcc_ex.o
 .note.GNU-stack
                0x0000000000000000        0x0 build/stm32l4xx_hal_gpio.o
 .note.GNU-stack
                0x0000000000000000        0x0 build/stm32l4xx_hal_pwr_ex.o
 .note.GNU-stack
                0x0000000000000000        0x0 build/stm32l4xx_hal_cortex.o
 .note.GNU-stack
                0x0000000000000000        0x0 build/system_stm32l4xx.o

.debug_abbrev   0x0000000000000000     0x4152
 .debug_abbrev  0x0000000000000000      0x193 build/main.o
 .debug_abbrev  0x0000000000000193       0x29 build/stm32l4xx_it.o
 .debug_abbrev  0x00000000000001bc      0x10d build/stm32l4xx_hal_msp.o
 .debug_abbrev  0x00000000000002c9      0x19c build/stm32l4xx_hal_uart.o
 .debug_abbrev  0x0000000000000465      0x179 build/stm32l4xx_hal.o
 .debug_abbrev  0x00000000000005de      0x1e7 build/stm32l4xx_hal_rcc.o
 .debug_abbrev  0x00000000000007c5      0x1c6 build/stm32l4xx_hal_rcc_ex.o
 .debug_abbrev  0x000000000000098b      0x16a build/stm32l4xx_hal_gpio.o
 .debug_abbrev  0x0000000000000af5      0x1ac build/stm32l4xx_hal_pwr_ex.o
 .debug_abbrev  0x0000000000000ca1      0x298 build/stm32l4xx_hal_cortex.o
 .debug_abbrev  0x0000000000000f39       0xcd build/system_stm32l4xx.o
 .debug_abbrev  0x0000000000001006       0x12 build/startup_stm32l452xx.o
 .debug_abbrev  0x0000000000001018       0xcd /usr/lib/gcc/arm-none-eabi/10.3.1/../../../arm-none-eabi/lib/thumb/v7e-m+fp/hard/libc_nano.a(lib_a-aeabi_memclr.o)
 .debug_abbrev  0x00000000000010e5       0x14 /usr/lib/gcc/arm-none-eabi/10.3.1/../../../arm-none-eabi/lib/thumb/v7e-m+fp/hard/libc_nano.a(lib_a-aeabi_memset-soft.o)
 .debug_abbrev  0x00000000000010f9      0x151 /usr/lib/gcc/arm-none-eabi/10.3.1/../../../arm-none-eabi/lib/thumb/v7e-m+fp/hard/libc_nano.a(lib_a-impure.o)
 .debug_abbrev  0x000000000000124a       0xcc /usr/lib/gcc/arm-none-eabi/10.3.1/../../../arm-none-eabi/lib/thumb/v7e-m+fp/hard/libc_nano.a(lib_a-init.o)
 .debug_abbrev  0x0000000000001316       0xb4 /usr/lib/gcc/arm-none-eabi/10.3.1/../../../arm-none-eabi/lib/thumb/v7e-m+fp/hard/libc_nano.a(lib_a-memset.o)
 .debug_abbrev  0x00000000000013ca      0x28e /usr/lib/gcc/arm-none-eabi/10.3.1/../../../arm-none-eabi/lib/thumb/v7e-m+fp/hard/libc_nano.a(lib_a-puts.o)
 .debug_abbrev  0x0000000000001658      0x21f /usr/lib/gcc/arm-none-eabi/10.3.1/../../../arm-none-eabi/lib/thumb/v7e-m+fp/hard/libc_nano.a(lib_a-wbuf.o)
 .debug_abbrev  0x0000000000001877      0x1d4 /usr/lib/gcc/arm-none-eabi/10.3.1/../../../arm-none-eabi/lib/thumb/v7e-m+fp/hard/libc_nano.a(lib_a-wsetup.o)
 .debug_abbrev  0x0000000000001a4b      0x2dd /usr/lib/gcc/arm-none-eabi/10.3.1/../../../arm-none-eabi/lib/thumb/v7e-m+fp/hard/libc_nano.a(lib_a-fflush.o)
 .debug_abbrev  0x0000000000001d28      0x3cd /usr/lib/gcc/arm-none-eabi/10.3.1/../../../arm-none-eabi/lib/thumb/v7e-m+fp/hard/libc_nano.a(lib_a-findfp.o)
 .debug_abbrev  0x00000000000020f5      0x197 /usr/lib/gcc/arm-none-eabi/10.3.1/../../../arm-none-eabi/lib/thumb/v7e-m+fp/hard/libc_nano.a(lib_a-fwalk.o)
 .debug_abbrev  0x000000000000228c      0x278 /usr/lib/gcc/arm-none-eabi/10.3.1/../../../arm-none-eabi/lib/thumb/v7e-m+fp/hard/libc_nano.a(lib_a-makebuf.o)
 .debug_abbrev  0x0000000000002504      0x235 /usr/lib/gcc/arm-none-eabi/10.3.1/../../../arm-none-eabi/lib/thumb/v7e-m+fp/hard/libc_nano.a(lib_a-nano-freer.o)
 .debug_abbrev  0x0000000000002739      0x290 /usr/lib/gcc/arm-none-eabi/10.3.1/../../../arm-none-eabi/lib/thumb/v7e-m+fp/hard/libc_nano.a(lib_a-nano-mallocr.o)
 .debug_abbrev  0x00000000000029c9      0x1d6 /usr/lib/gcc/arm-none-eabi/10.3.1/../../../arm-none-eabi/lib/thumb/v7e-m+fp/hard/libc_nano.a(lib_a-sbrkr.o)
 .debug_abbrev  0x0000000000002b9f      0x1fb /usr/lib/gcc/arm-none-eabi/10.3.1/../../../arm-none-eabi/lib/thumb/v7e-m+fp/hard/libc_nano.a(lib_a-stdio.o)
 .debug_abbrev  0x0000000000002d9a      0x1b0 /usr/lib/gcc/arm-none-eabi/10.3.1/../../../arm-none-eabi/lib/thumb/v7e-m+fp/hard/libc_nano.a(lib_a-writer.o)
 .debug_abbrev  0x0000000000002f4a      0x1ab /usr/lib/gcc/arm-none-eabi/10.3.1/../../../arm-none-eabi/lib/thumb/v7e-m+fp/hard/libc_nano.a(lib_a-closer.o)
 .debug_abbrev  0x00000000000030f5      0x1bf /usr/lib/gcc/arm-none-eabi/10.3.1/../../../arm-none-eabi/lib/thumb/v7e-m+fp/hard/libc_nano.a(lib_a-fstatr.o)
 .debug_abbrev  0x00000000000032b4      0x1ab /usr/lib/gcc/arm-none-eabi/10.3.1/../../../arm-none-eabi/lib/thumb/v7e-m+fp/hard/libc_nano.a(lib_a-isattyr.o)
 .debug_abbrev  0x000000000000345f      0x1bf /usr/lib/gcc/arm-none-eabi/10.3.1/../../../arm-none-eabi/lib/thumb/v7e-m+fp/hard/libc_nano.a(lib_a-lseekr.o)
 .debug_abbrev  0x000000000000361e      0x189 /usr/lib/gcc/arm-none-eabi/10.3.1/../../../arm-none-eabi/lib/thumb/v7e-m+fp/hard/libc_nano.a(lib_a-mlock.o)
 .debug_abbrev  0x00000000000037a7      0x1ab /usr/lib/gcc/arm-none-eabi/10.3.1/../../../arm-none-eabi/lib/thumb/v7e-m+fp/hard/libc_nano.a(lib_a-readr.o)
 .debug_abbrev  0x0000000000003952      0x265 /usr/lib/gcc/arm-none-eabi/10.3.1/../../../arm-none-eabi/lib/thumb/v7e-m+fp/hard/libc_nano.a(lib_a-reent.o)
 .debug_abbrev  0x0000000000003bb7       0x6d /usr/lib/gcc/arm-none-eabi/10.3.1/../../../arm-none-eabi/lib/thumb/v7e-m+fp/hard/libnosys.a(close.o)
 .debug_abbrev  0x0000000000003c24       0xcc /usr/lib/gcc/arm-none-eabi/10.3.1/../../../arm-none-eabi/lib/thumb/v7e-m+fp/hard/libnosys.a(fstat.o)
 .debug_abbrev  0x0000000000003cf0       0x6d /usr/lib/gcc/arm-none-eabi/10.3.1/../../../arm-none-eabi/lib/thumb/v7e-m+fp/hard/libnosys.a(isatty.o)
 .debug_abbrev  0x0000000000003d5d       0x92 /usr/lib/gcc/arm-none-eabi/10.3.1/../../../arm-none-eabi/lib/thumb/v7e-m+fp/hard/libnosys.a(lseek.o)
 .debug_abbrev  0x0000000000003def       0x9b /usr/lib/gcc/arm-none-eabi/10.3.1/../../../arm-none-eabi/lib/thumb/v7e-m+fp/hard/libnosys.a(read.o)
 .debug_abbrev  0x0000000000003e8a       0xa2 /usr/lib/gcc/arm-none-eabi/10.3.1/../../../arm-none-eabi/lib/thumb/v7e-m+fp/hard/libnosys.a(sbrk.o)
 .debug_abbrev  0x0000000000003f2c       0x9b /usr/lib/gcc/arm-none-eabi/10.3.1/../../../arm-none-eabi/lib/thumb/v7e-m+fp/hard/libnosys.a(write.o)
 .debug_abbrev  0x0000000000003fc7       0x14 /usr/lib/gcc/arm-none-eabi/10.3.1/thumb/v7e-m+fp/hard/libgcc.a(_aeabi_uldivmod.o)
 .debug_abbrev  0x0000000000003fdb      0x163 /usr/lib/gcc/arm-none-eabi/10.3.1/thumb/v7e-m+fp/hard/libgcc.a(_udivmoddi4.o)
 .debug_abbrev  0x000000000000413e       0x14 /usr/lib/gcc/arm-none-eabi/10.3.1/thumb/v7e-m+fp/hard/libgcc.a(_dvmd_tls.o)

.debug_info     0x0000000000000000    0x17005
 .debug_info    0x0000000000000000      0xde0 build/main.o
 .debug_info    0x0000000000000de0       0xd2 build/stm32l4xx_it.o
 .debug_info    0x0000000000000eb2      0xc6c build/stm32l4xx_hal_msp.o
 .debug_info    0x0000000000001b1e     0x35d6 build/stm32l4xx_hal_uart.o
 .debug_info    0x00000000000050f4      0xb5d build/stm32l4xx_hal.o
 .debug_info    0x0000000000005c51      0xd0a build/stm32l4xx_hal_rcc.o
 .debug_info    0x000000000000695b      0xf1b build/stm32l4xx_hal_rcc_ex.o
 .debug_info    0x0000000000007876      0x7dc build/stm32l4xx_hal_gpio.o
 .debug_info    0x0000000000008052      0x93a build/stm32l4xx_hal_pwr_ex.o
 .debug_info    0x000000000000898c      0xe08 build/stm32l4xx_hal_cortex.o
 .debug_info    0x0000000000009794      0x574 build/system_stm32l4xx.o
 .debug_info    0x0000000000009d08       0x22 build/startup_stm32l452xx.o
 .debug_info    0x0000000000009d2a       0xd2 /usr/lib/gcc/arm-none-eabi/10.3.1/../../../arm-none-eabi/lib/thumb/v7e-m+fp/hard/libc_nano.a(lib_a-aeabi_memclr.o)
 .debug_info    0x0000000000009dfc       0x26 /usr/lib/gcc/arm-none-eabi/10.3.1/../../../arm-none-eabi/lib/thumb/v7e-m+fp/hard/libc_nano.a(lib_a-aeabi_memset-soft.o)
 .debug_info    0x0000000000009e22      0x863 /usr/lib/gcc/arm-none-eabi/10.3.1/../../../arm-none-eabi/lib/thumb/v7e-m+fp/hard/libc_nano.a(lib_a-impure.o)
 .debug_info    0x000000000000a685      0x11a /usr/lib/gcc/arm-none-eabi/10.3.1/../../../arm-none-eabi/lib/thumb/v7e-m+fp/hard/libc_nano.a(lib_a-init.o)
 .debug_info    0x000000000000a79f      0x137 /usr/lib/gcc/arm-none-eabi/10.3.1/../../../arm-none-eabi/lib/thumb/v7e-m+fp/hard/libc_nano.a(lib_a-memset.o)
 .debug_info    0x000000000000a8d6      0xa41 /usr/lib/gcc/arm-none-eabi/10.3.1/../../../arm-none-eabi/lib/thumb/v7e-m+fp/hard/libc_nano.a(lib_a-puts.o)
 .debug_info    0x000000000000b317      0x998 /usr/lib/gcc/arm-none-eabi/10.3.1/../../../arm-none-eabi/lib/thumb/v7e-m+fp/hard/libc_nano.a(lib_a-wbuf.o)
 .debug_info    0x000000000000bcaf      0x902 /usr/lib/gcc/arm-none-eabi/10.3.1/../../../arm-none-eabi/lib/thumb/v7e-m+fp/hard/libc_nano.a(lib_a-wsetup.o)
 .debug_info    0x000000000000c5b1      0xb0d /usr/lib/gcc/arm-none-eabi/10.3.1/../../../arm-none-eabi/lib/thumb/v7e-m+fp/hard/libc_nano.a(lib_a-fflush.o)
 .debug_info    0x000000000000d0be      0xfae /usr/lib/gcc/arm-none-eabi/10.3.1/../../../arm-none-eabi/lib/thumb/v7e-m+fp/hard/libc_nano.a(lib_a-findfp.o)
 .debug_info    0x000000000000e06c      0x900 /usr/lib/gcc/arm-none-eabi/10.3.1/../../../arm-none-eabi/lib/thumb/v7e-m+fp/hard/libc_nano.a(lib_a-fwalk.o)
 .debug_info    0x000000000000e96c      0xc8a /usr/lib/gcc/arm-none-eabi/10.3.1/../../../arm-none-eabi/lib/thumb/v7e-m+fp/hard/libc_nano.a(lib_a-makebuf.o)
 .debug_info    0x000000000000f5f6      0x903 /usr/lib/gcc/arm-none-eabi/10.3.1/../../../arm-none-eabi/lib/thumb/v7e-m+fp/hard/libc_nano.a(lib_a-nano-freer.o)
 .debug_info    0x000000000000fef9      0xa0c /usr/lib/gcc/arm-none-eabi/10.3.1/../../../arm-none-eabi/lib/thumb/v7e-m+fp/hard/libc_nano.a(lib_a-nano-mallocr.o)
 .debug_info    0x0000000000010905      0x828 /usr/lib/gcc/arm-none-eabi/10.3.1/../../../arm-none-eabi/lib/thumb/v7e-m+fp/hard/libc_nano.a(lib_a-sbrkr.o)
 .debug_info    0x000000000001112d      0xabc /usr/lib/gcc/arm-none-eabi/10.3.1/../../../arm-none-eabi/lib/thumb/v7e-m+fp/hard/libc_nano.a(lib_a-stdio.o)
 .debug_info    0x0000000000011be9      0x85a /usr/lib/gcc/arm-none-eabi/10.3.1/../../../arm-none-eabi/lib/thumb/v7e-m+fp/hard/libc_nano.a(lib_a-writer.o)
 .debug_info    0x0000000000012443      0x805 /usr/lib/gcc/arm-none-eabi/10.3.1/../../../arm-none-eabi/lib/thumb/v7e-m+fp/hard/libc_nano.a(lib_a-closer.o)
 .debug_info    0x0000000000012c48      0xa1d /usr/lib/gcc/arm-none-eabi/10.3.1/../../../arm-none-eabi/lib/thumb/v7e-m+fp/hard/libc_nano.a(lib_a-fstatr.o)
 .debug_info    0x0000000000013665      0x805 /usr/lib/gcc/arm-none-eabi/10.3.1/../../../arm-none-eabi/lib/thumb/v7e-m+fp/hard/libc_nano.a(lib_a-isattyr.o)
 .debug_info    0x0000000000013e6a      0x83b /usr/lib/gcc/arm-none-eabi/10.3.1/../../../arm-none-eabi/lib/thumb/v7e-m+fp/hard/libc_nano.a(lib_a-lseekr.o)
 .debug_info    0x00000000000146a5      0x7dc /usr/lib/gcc/arm-none-eabi/10.3.1/../../../arm-none-eabi/lib/thumb/v7e-m+fp/hard/libc_nano.a(lib_a-mlock.o)
 .debug_info    0x0000000000014e81      0x853 /usr/lib/gcc/arm-none-eabi/10.3.1/../../../arm-none-eabi/lib/thumb/v7e-m+fp/hard/libc_nano.a(lib_a-readr.o)
 .debug_info    0x00000000000156d4      0xa7e /usr/lib/gcc/arm-none-eabi/10.3.1/../../../arm-none-eabi/lib/thumb/v7e-m+fp/hard/libc_nano.a(lib_a-reent.o)
 .debug_info    0x0000000000016152       0xb1 /usr/lib/gcc/arm-none-eabi/10.3.1/../../../arm-none-eabi/lib/thumb/v7e-m+fp/hard/libnosys.a(close.o)
 .debug_info    0x0000000000016203      0x2cc /usr/lib/gcc/arm-none-eabi/10.3.1/../../../arm-none-eabi/lib/thumb/v7e-m+fp/hard/libnosys.a(fstat.o)
 .debug_info    0x00000000000164cf       0xb1 /usr/lib/gcc/arm-none-eabi/10.3.1/../../../arm-none-eabi/lib/thumb/v7e-m+fp/hard/libnosys.a(isatty.o)
 .debug_info    0x0000000000016580       0xd3 /usr/lib/gcc/arm-none-eabi/10.3.1/../../../arm-none-eabi/lib/thumb/v7e-m+fp/hard/libnosys.a(lseek.o)
 .debug_info    0x0000000000016653       0xd9 /usr/lib/gcc/arm-none-eabi/10.3.1/../../../arm-none-eabi/lib/thumb/v7e-m+fp/hard/libnosys.a(read.o)
 .debug_info    0x000000000001672c       0x9d /usr/lib/gcc/arm-none-eabi/10.3.1/../../../arm-none-eabi/lib/thumb/v7e-m+fp/hard/libnosys.a(sbrk.o)
 .debug_info    0x00000000000167c9       0xd9 /usr/lib/gcc/arm-none-eabi/10.3.1/../../../arm-none-eabi/lib/thumb/v7e-m+fp/hard/libnosys.a(write.o)
 .debug_info    0x00000000000168a2       0x26 /usr/lib/gcc/arm-none-eabi/10.3.1/thumb/v7e-m+fp/hard/libgcc.a(_aeabi_uldivmod.o)
 .debug_info    0x00000000000168c8      0x717 /usr/lib/gcc/arm-none-eabi/10.3.1/thumb/v7e-m+fp/hard/libgcc.a(_udivmoddi4.o)
 .debug_info    0x0000000000016fdf       0x26 /usr/lib/gcc/arm-none-eabi/10.3.1/thumb/v7e-m+fp/hard/libgcc.a(_dvmd_tls.o)

.debug_ranges   0x0000000000000000      0xd30
 .debug_ranges  0x0000000000000000       0x50 build/main.o
 .debug_ranges  0x0000000000000050       0x50 build/stm32l4xx_it.o
 .debug_ranges  0x00000000000000a0       0x20 build/stm32l4xx_hal_msp.o
 .debug_ranges  0x00000000000000c0      0x218 build/stm32l4xx_hal_uart.o
 .debug_ranges  0x00000000000002d8      0x120 build/stm32l4xx_hal.o
 .debug_ranges  0x00000000000003f8      0x108 build/stm32l4xx_hal_rcc.o
 .debug_ranges  0x0000000000000500      0x100 build/stm32l4xx_hal_rcc_ex.o
 .debug_ranges  0x0000000000000600       0x48 build/stm32l4xx_hal_gpio.o
 .debug_ranges  0x0000000000000648      0x118 build/stm32l4xx_hal_pwr_ex.o
 .debug_ranges  0x0000000000000760      0x1b8 build/stm32l4xx_hal_cortex.o
 .debug_ranges  0x0000000000000918       0x18 build/system_stm32l4xx.o
 .debug_ranges  0x0000000000000930       0x20 build/startup_stm32l452xx.o
 .debug_ranges  0x0000000000000950       0x58 /usr/lib/gcc/arm-none-eabi/10.3.1/../../../arm-none-eabi/lib/thumb/v7e-m+fp/hard/libc_nano.a(lib_a-puts.o)
 .debug_ranges  0x00000000000009a8       0x20 /usr/lib/gcc/arm-none-eabi/10.3.1/../../../arm-none-eabi/lib/thumb/v7e-m+fp/hard/libc_nano.a(lib_a-wbuf.o)
 .debug_ranges  0x00000000000009c8       0x30 /usr/lib/gcc/arm-none-eabi/10.3.1/../../../arm-none-eabi/lib/thumb/v7e-m+fp/hard/libc_nano.a(lib_a-wsetup.o)
 .debug_ranges  0x00000000000009f8       0xb8 /usr/lib/gcc/arm-none-eabi/10.3.1/../../../arm-none-eabi/lib/thumb/v7e-m+fp/hard/libc_nano.a(lib_a-fflush.o)
 .debug_ranges  0x0000000000000ab0       0xc8 /usr/lib/gcc/arm-none-eabi/10.3.1/../../../arm-none-eabi/lib/thumb/v7e-m+fp/hard/libc_nano.a(lib_a-findfp.o)
 .debug_ranges  0x0000000000000b78       0x78 /usr/lib/gcc/arm-none-eabi/10.3.1/../../../arm-none-eabi/lib/thumb/v7e-m+fp/hard/libc_nano.a(lib_a-makebuf.o)
 .debug_ranges  0x0000000000000bf0       0x20 /usr/lib/gcc/arm-none-eabi/10.3.1/../../../arm-none-eabi/lib/thumb/v7e-m+fp/hard/libc_nano.a(lib_a-nano-freer.o)
 .debug_ranges  0x0000000000000c10       0x38 /usr/lib/gcc/arm-none-eabi/10.3.1/../../../arm-none-eabi/lib/thumb/v7e-m+fp/hard/libc_nano.a(lib_a-nano-mallocr.o)
 .debug_ranges  0x0000000000000c48       0xe8 /usr/lib/gcc/arm-none-eabi/10.3.1/thumb/v7e-m+fp/hard/libgcc.a(_udivmoddi4.o)

.debug_str      0x0000000000000000     0x4727
 .debug_str     0x0000000000000000      0x844 build/main.o
                                        0x8dd (size before relaxing)
 .debug_str     0x0000000000000844       0xa8 build/stm32l4xx_it.o
                                        0x105 (size before relaxing)
 .debug_str     0x00000000000008ec      0x255 build/stm32l4xx_hal_msp.o
                                        0x961 (size before relaxing)
 .debug_str     0x0000000000000b41      0x7df build/stm32l4xx_hal_uart.o
                                        0xec2 (size before relaxing)
 .debug_str     0x0000000000001320      0x8f3 build/stm32l4xx_hal.o
                                        0xb6d (size before relaxing)
 .debug_str     0x0000000000001c13      0x26e build/stm32l4xx_hal_rcc.o
                                        0x744 (size before relaxing)
 .debug_str     0x0000000000001e81      0x4ba build/stm32l4xx_hal_rcc_ex.o
                                        0xa8e (size before relaxing)
 .debug_str     0x000000000000233b      0x109 build/stm32l4xx_hal_gpio.o
                                        0x486 (size before relaxing)
 .debug_str     0x0000000000002444      0x4bd build/stm32l4xx_hal_pwr_ex.o
                                        0x6c4 (size before relaxing)
 .debug_str     0x0000000000002901      0x497 build/stm32l4xx_hal_cortex.o
                                        0xabd (size before relaxing)
 .debug_str     0x0000000000002d98       0x77 build/system_stm32l4xx.o
                                        0x317 (size before relaxing)
 .debug_str     0x0000000000002e0f       0x22 build/startup_stm32l452xx.o
                                         0x58 (size before relaxing)
 .debug_str     0x0000000000002e31      0x159 /usr/lib/gcc/arm-none-eabi/10.3.1/../../../arm-none-eabi/lib/thumb/v7e-m+fp/hard/libc_nano.a(lib_a-aeabi_memclr.o)
                                        0x16d (size before relaxing)
 .debug_str     0x0000000000002f8a       0x55 /usr/lib/gcc/arm-none-eabi/10.3.1/../../../arm-none-eabi/lib/thumb/v7e-m+fp/hard/libc_nano.a(lib_a-aeabi_memset-soft.o)
                                         0xbc (size before relaxing)
 .debug_str     0x0000000000002fdf      0x41f /usr/lib/gcc/arm-none-eabi/10.3.1/../../../arm-none-eabi/lib/thumb/v7e-m+fp/hard/libc_nano.a(lib_a-impure.o)
                                        0x55e (size before relaxing)
 .debug_str     0x00000000000033fe       0xf0 /usr/lib/gcc/arm-none-eabi/10.3.1/../../../arm-none-eabi/lib/thumb/v7e-m+fp/hard/libc_nano.a(lib_a-init.o)
                                        0x20b (size before relaxing)
 .debug_str     0x00000000000034ee       0xaa /usr/lib/gcc/arm-none-eabi/10.3.1/../../../arm-none-eabi/lib/thumb/v7e-m+fp/hard/libc_nano.a(lib_a-memset.o)
                                        0x1c0 (size before relaxing)
 .debug_str     0x0000000000003598       0xd7 /usr/lib/gcc/arm-none-eabi/10.3.1/../../../arm-none-eabi/lib/thumb/v7e-m+fp/hard/libc_nano.a(lib_a-puts.o)
                                        0x593 (size before relaxing)
 .debug_str     0x000000000000366f       0x43 /usr/lib/gcc/arm-none-eabi/10.3.1/../../../arm-none-eabi/lib/thumb/v7e-m+fp/hard/libc_nano.a(lib_a-wbuf.o)
                                        0x582 (size before relaxing)
 .debug_str     0x00000000000036b2       0x48 /usr/lib/gcc/arm-none-eabi/10.3.1/../../../arm-none-eabi/lib/thumb/v7e-m+fp/hard/libc_nano.a(lib_a-wsetup.o)
                                        0x57d (size before relaxing)
 .debug_str     0x00000000000036fa       0x63 /usr/lib/gcc/arm-none-eabi/10.3.1/../../../arm-none-eabi/lib/thumb/v7e-m+fp/hard/libc_nano.a(lib_a-fflush.o)
                                        0x5be (size before relaxing)
 .debug_str     0x000000000000375d      0x1d4 /usr/lib/gcc/arm-none-eabi/10.3.1/../../../arm-none-eabi/lib/thumb/v7e-m+fp/hard/libc_nano.a(lib_a-findfp.o)
                                        0x737 (size before relaxing)
 .debug_str     0x0000000000003931       0x41 /usr/lib/gcc/arm-none-eabi/10.3.1/../../../arm-none-eabi/lib/thumb/v7e-m+fp/hard/libc_nano.a(lib_a-fwalk.o)
                                        0x524 (size before relaxing)
 .debug_str     0x0000000000003972      0x161 /usr/lib/gcc/arm-none-eabi/10.3.1/../../../arm-none-eabi/lib/thumb/v7e-m+fp/hard/libc_nano.a(lib_a-makebuf.o)
                                        0x6a0 (size before relaxing)
 .debug_str     0x0000000000003ad3      0x116 /usr/lib/gcc/arm-none-eabi/10.3.1/../../../arm-none-eabi/lib/thumb/v7e-m+fp/hard/libc_nano.a(lib_a-nano-freer.o)
                                        0x595 (size before relaxing)
 .debug_str     0x0000000000003be9       0x46 /usr/lib/gcc/arm-none-eabi/10.3.1/../../../arm-none-eabi/lib/thumb/v7e-m+fp/hard/libc_nano.a(lib_a-nano-mallocr.o)
                                        0x5c0 (size before relaxing)
 .debug_str     0x0000000000003c2f       0x47 /usr/lib/gcc/arm-none-eabi/10.3.1/../../../arm-none-eabi/lib/thumb/v7e-m+fp/hard/libc_nano.a(lib_a-sbrkr.o)
                                        0x516 (size before relaxing)
 .debug_str     0x0000000000003c76       0x92 /usr/lib/gcc/arm-none-eabi/10.3.1/../../../arm-none-eabi/lib/thumb/v7e-m+fp/hard/libc_nano.a(lib_a-stdio.o)
                                        0x573 (size before relaxing)
 .debug_str     0x0000000000003d08       0x33 /usr/lib/gcc/arm-none-eabi/10.3.1/../../../arm-none-eabi/lib/thumb/v7e-m+fp/hard/libc_nano.a(lib_a-writer.o)
                                        0x513 (size before relaxing)
 .debug_str     0x0000000000003d3b       0x33 /usr/lib/gcc/arm-none-eabi/10.3.1/../../../arm-none-eabi/lib/thumb/v7e-m+fp/hard/libc_nano.a(lib_a-closer.o)
                                        0x503 (size before relaxing)
 .debug_str     0x0000000000003d6e       0x40 /usr/lib/gcc/arm-none-eabi/10.3.1/../../../arm-none-eabi/lib/thumb/v7e-m+fp/hard/libc_nano.a(lib_a-fstatr.o)
                                        0x655 (size before relaxing)
 .debug_str     0x0000000000003dae       0x3c /usr/lib/gcc/arm-none-eabi/10.3.1/../../../arm-none-eabi/lib/thumb/v7e-m+fp/hard/libc_nano.a(lib_a-isattyr.o)
                                        0x50d (size before relaxing)
 .debug_str     0x0000000000003dea       0x3a /usr/lib/gcc/arm-none-eabi/10.3.1/../../../arm-none-eabi/lib/thumb/v7e-m+fp/hard/libc_nano.a(lib_a-lseekr.o)
                                        0x511 (size before relaxing)
 .debug_str     0x0000000000003e24       0x4c /usr/lib/gcc/arm-none-eabi/10.3.1/../../../arm-none-eabi/lib/thumb/v7e-m+fp/hard/libc_nano.a(lib_a-mlock.o)
                                        0x52c (size before relaxing)
 .debug_str     0x0000000000003e70       0x32 /usr/lib/gcc/arm-none-eabi/10.3.1/../../../arm-none-eabi/lib/thumb/v7e-m+fp/hard/libc_nano.a(lib_a-readr.o)
                                        0x511 (size before relaxing)
 .debug_str     0x0000000000003ea2       0x5e /usr/lib/gcc/arm-none-eabi/10.3.1/../../../arm-none-eabi/lib/thumb/v7e-m+fp/hard/libc_nano.a(lib_a-reent.o)
                                        0x53e (size before relaxing)
 .debug_str     0x0000000000003f00       0xf2 /usr/lib/gcc/arm-none-eabi/10.3.1/../../../arm-none-eabi/lib/thumb/v7e-m+fp/hard/libnosys.a(close.o)
                                        0x194 (size before relaxing)
 .debug_str     0x0000000000003ff2       0x2f /usr/lib/gcc/arm-none-eabi/10.3.1/../../../arm-none-eabi/lib/thumb/v7e-m+fp/hard/libnosys.a(fstat.o)
                                        0x2e0 (size before relaxing)
 .debug_str     0x0000000000004021       0x30 /usr/lib/gcc/arm-none-eabi/10.3.1/../../../arm-none-eabi/lib/thumb/v7e-m+fp/hard/libnosys.a(isatty.o)
                                        0x194 (size before relaxing)
 .debug_str     0x0000000000004051       0x2f /usr/lib/gcc/arm-none-eabi/10.3.1/../../../arm-none-eabi/lib/thumb/v7e-m+fp/hard/libnosys.a(lseek.o)
                                        0x192 (size before relaxing)
 .debug_str     0x0000000000004080       0x2e /usr/lib/gcc/arm-none-eabi/10.3.1/../../../arm-none-eabi/lib/thumb/v7e-m+fp/hard/libnosys.a(read.o)
                                        0x190 (size before relaxing)
 .debug_str     0x00000000000040ae       0x3c /usr/lib/gcc/arm-none-eabi/10.3.1/../../../arm-none-eabi/lib/thumb/v7e-m+fp/hard/libnosys.a(sbrk.o)
                                        0x111 (size before relaxing)
 .debug_str     0x00000000000040ea       0x2f /usr/lib/gcc/arm-none-eabi/10.3.1/../../../arm-none-eabi/lib/thumb/v7e-m+fp/hard/libnosys.a(write.o)
                                        0x192 (size before relaxing)
 .debug_str     0x0000000000004119       0x9a /usr/lib/gcc/arm-none-eabi/10.3.1/thumb/v7e-m+fp/hard/libgcc.a(_aeabi_uldivmod.o)
                                         0xa6 (size before relaxing)
 .debug_str     0x00000000000041b3      0x544 /usr/lib/gcc/arm-none-eabi/10.3.1/thumb/v7e-m+fp/hard/libgcc.a(_udivmoddi4.o)
                                        0x647 (size before relaxing)
 .debug_str     0x00000000000046f7       0x30 /usr/lib/gcc/arm-none-eabi/10.3.1/thumb/v7e-m+fp/hard/libgcc.a(_dvmd_tls.o)
                                         0xaa (size before relaxing)

.debug_frame    0x0000000000000000     0x1a8c
 .debug_frame   0x0000000000000000       0x58 build/main.o
 .debug_frame   0x0000000000000058       0xac build/stm32l4xx_it.o
 .debug_frame   0x0000000000000104       0x60 build/stm32l4xx_hal_msp.o
 .debug_frame   0x0000000000000164      0x628 build/stm32l4xx_hal_uart.o
 .debug_frame   0x000000000000078c      0x298 build/stm32l4xx_hal.o
 .debug_frame   0x0000000000000a24      0x158 build/stm32l4xx_hal_rcc.o
 .debug_frame   0x0000000000000b7c      0x274 build/stm32l4xx_hal_rcc_ex.o
 .debug_frame   0x0000000000000df0       0xd8 build/stm32l4xx_hal_gpio.o
 .debug_frame   0x0000000000000ec8      0x24c build/stm32l4xx_hal_pwr_ex.o
 .debug_frame   0x0000000000001114      0x18c build/stm32l4xx_hal_cortex.o
 .debug_frame   0x00000000000012a0       0x30 build/system_stm32l4xx.o
 .debug_frame   0x00000000000012d0       0x20 /usr/lib/gcc/arm-none-eabi/10.3.1/../../../arm-none-eabi/lib/thumb/v7e-m+fp/hard/libc_nano.a(lib_a-aeabi_memclr.o)
 .debug_frame   0x00000000000012f0       0x2c /usr/lib/gcc/arm-none-eabi/10.3.1/../../../arm-none-eabi/lib/thumb/v7e-m+fp/hard/libc_nano.a(lib_a-init.o)
 .debug_frame   0x000000000000131c       0x2c /usr/lib/gcc/arm-none-eabi/10.3.1/../../../arm-none-eabi/lib/thumb/v7e-m+fp/hard/libc_nano.a(lib_a-memset.o)
 .debug_frame   0x0000000000001348       0x40 /usr/lib/gcc/arm-none-eabi/10.3.1/../../../arm-none-eabi/lib/thumb/v7e-m+fp/hard/libc_nano.a(lib_a-puts.o)
 .debug_frame   0x0000000000001388       0x4c /usr/lib/gcc/arm-none-eabi/10.3.1/../../../arm-none-eabi/lib/thumb/v7e-m+fp/hard/libc_nano.a(lib_a-wbuf.o)
 .debug_frame   0x00000000000013d4       0x2c /usr/lib/gcc/arm-none-eabi/10.3.1/../../../arm-none-eabi/lib/thumb/v7e-m+fp/hard/libc_nano.a(lib_a-wsetup.o)
 .debug_frame   0x0000000000001400       0x88 /usr/lib/gcc/arm-none-eabi/10.3.1/../../../arm-none-eabi/lib/thumb/v7e-m+fp/hard/libc_nano.a(lib_a-fflush.o)
 .debug_frame   0x0000000000001488      0x124 /usr/lib/gcc/arm-none-eabi/10.3.1/../../../arm-none-eabi/lib/thumb/v7e-m+fp/hard/libc_nano.a(lib_a-findfp.o)
 .debug_frame   0x00000000000015ac       0x54 /usr/lib/gcc/arm-none-eabi/10.3.1/../../../arm-none-eabi/lib/thumb/v7e-m+fp/hard/libc_nano.a(lib_a-fwalk.o)
 .debug_frame   0x0000000000001600       0x68 /usr/lib/gcc/arm-none-eabi/10.3.1/../../../arm-none-eabi/lib/thumb/v7e-m+fp/hard/libc_nano.a(lib_a-makebuf.o)
 .debug_frame   0x0000000000001668       0x54 /usr/lib/gcc/arm-none-eabi/10.3.1/../../../arm-none-eabi/lib/thumb/v7e-m+fp/hard/libc_nano.a(lib_a-nano-freer.o)
 .debug_frame   0x00000000000016bc       0x30 /usr/lib/gcc/arm-none-eabi/10.3.1/../../../arm-none-eabi/lib/thumb/v7e-m+fp/hard/libc_nano.a(lib_a-nano-mallocr.o)
 .debug_frame   0x00000000000016ec       0x2c /usr/lib/gcc/arm-none-eabi/10.3.1/../../../arm-none-eabi/lib/thumb/v7e-m+fp/hard/libc_nano.a(lib_a-sbrkr.o)
 .debug_frame   0x0000000000001718       0x8c /usr/lib/gcc/arm-none-eabi/10.3.1/../../../arm-none-eabi/lib/thumb/v7e-m+fp/hard/libc_nano.a(lib_a-stdio.o)
 .debug_frame   0x00000000000017a4       0x2c /usr/lib/gcc/arm-none-eabi/10.3.1/../../../arm-none-eabi/lib/thumb/v7e-m+fp/hard/libc_nano.a(lib_a-writer.o)
 .debug_frame   0x00000000000017d0       0x2c /usr/lib/gcc/arm-none-eabi/10.3.1/../../../arm-none-eabi/lib/thumb/v7e-m+fp/hard/libc_nano.a(lib_a-closer.o)
 .debug_frame   0x00000000000017fc       0x2c /usr/lib/gcc/arm-none-eabi/10.3.1/../../../arm-none-eabi/lib/thumb/v7e-m+fp/hard/libc_nano.a(lib_a-fstatr.o)
 .debug_frame   0x0000000000001828       0x2c /usr/lib/gcc/arm-none-eabi/10.3.1/../../../arm-none-eabi/lib/thumb/v7e-m+fp/hard/libc_nano.a(lib_a-isattyr.o)
 .debug_frame   0x0000000000001854       0x2c /usr/lib/gcc/arm-none-eabi/10.3.1/../../../arm-none-eabi/lib/thumb/v7e-m+fp/hard/libc_nano.a(lib_a-lseekr.o)
 .debug_frame   0x0000000000001880       0x30 /usr/lib/gcc/arm-none-eabi/10.3.1/../../../arm-none-eabi/lib/thumb/v7e-m+fp/hard/libc_nano.a(lib_a-mlock.o)
 .debug_frame   0x00000000000018b0       0x2c /usr/lib/gcc/arm-none-eabi/10.3.1/../../../arm-none-eabi/lib/thumb/v7e-m+fp/hard/libc_nano.a(lib_a-readr.o)
 .debug_frame   0x00000000000018dc       0x70 /usr/lib/gcc/arm-none-eabi/10.3.1/../../../arm-none-eabi/lib/thumb/v7e-m+fp/hard/libc_nano.a(lib_a-reent.o)
 .debug_frame   0x000000000000194c       0x20 /usr/lib/gcc/arm-none-eabi/10.3.1/../../../arm-none-eabi/lib/thumb/v7e-m+fp/hard/libnosys.a(close.o)
 .debug_frame   0x000000000000196c       0x20 /usr/lib/gcc/arm-none-eabi/10.3.1/../../../arm-none-eabi/lib/thumb/v7e-m+fp/hard/libnosys.a(fstat.o)
 .debug_frame   0x000000000000198c       0x20 /usr/lib/gcc/arm-none-eabi/10.3.1/../../../arm-none-eabi/lib/thumb/v7e-m+fp/hard/libnosys.a(isatty.o)
 .debug_frame   0x00000000000019ac       0x20 /usr/lib/gcc/arm-none-eabi/10.3.1/../../../arm-none-eabi/lib/thumb/v7e-m+fp/hard/libnosys.a(lseek.o)
 .debug_frame   0x00000000000019cc       0x20 /usr/lib/gcc/arm-none-eabi/10.3.1/../../../arm-none-eabi/lib/thumb/v7e-m+fp/hard/libnosys.a(read.o)
 .debug_frame   0x00000000000019ec       0x20 /usr/lib/gcc/arm-none-eabi/10.3.1/../../../arm-none-eabi/lib/thumb/v7e-m+fp/hard/libnosys.a(sbrk.o)
 .debug_frame   0x0000000000001a0c       0x20 /usr/lib/gcc/arm-none-eabi/10.3.1/../../../arm-none-eabi/lib/thumb/v7e-m+fp/hard/libnosys.a(write.o)
 .debug_frame   0x0000000000001a2c       0x2c /usr/lib/gcc/arm-none-eabi/10.3.1/thumb/v7e-m+fp/hard/libgcc.a(_aeabi_uldivmod.o)
 .debug_frame   0x0000000000001a58       0x34 /usr/lib/gcc/arm-none-eabi/10.3.1/thumb/v7e-m+fp/hard/libgcc.a(_udivmoddi4.o)

.debug_line     0x0000000000000000     0x9f83
 .debug_line    0x0000000000000000      0x32b build/main.o
 .debug_line    0x000000000000032b       0xef build/stm32l4xx_it.o
 .debug_line    0x000000000000041a      0x226 build/stm32l4xx_hal_msp.o
 .debug_line    0x0000000000000640     0x2770 build/stm32l4xx_hal_uart.o
 .debug_line    0x0000000000002db0      0x585 build/stm32l4xx_hal.o
 .debug_line    0x0000000000003335      0xbf9 build/stm32l4xx_hal_rcc.o
 .debug_line    0x0000000000003f2e      0xcb7 build/stm32l4xx_hal_rcc_ex.o
 .debug_line    0x0000000000004be5      0x417 build/stm32l4xx_hal_gpio.o
 .debug_line    0x0000000000004ffc      0x785 build/stm32l4xx_hal_pwr_ex.o
 .debug_line    0x0000000000005781      0x61c build/stm32l4xx_hal_cortex.o
 .debug_line    0x0000000000005d9d      0x1cc build/system_stm32l4xx.o
 .debug_line    0x0000000000005f69       0x76 build/startup_stm32l452xx.o
 .debug_line    0x0000000000005fdf       0xad /usr/lib/gcc/arm-none-eabi/10.3.1/../../../arm-none-eabi/lib/thumb/v7e-m+fp/hard/libc_nano.a(lib_a-aeabi_memclr.o)
 .debug_line    0x000000000000608c       0xb4 /usr/lib/gcc/arm-none-eabi/10.3.1/../../../arm-none-eabi/lib/thumb/v7e-m+fp/hard/libc_nano.a(lib_a-aeabi_memset-soft.o)
 .debug_line    0x0000000000006140       0xe4 /usr/lib/gcc/arm-none-eabi/10.3.1/../../../arm-none-eabi/lib/thumb/v7e-m+fp/hard/libc_nano.a(lib_a-impure.o)
 .debug_line    0x0000000000006224      0x138 /usr/lib/gcc/arm-none-eabi/10.3.1/../../../arm-none-eabi/lib/thumb/v7e-m+fp/hard/libc_nano.a(lib_a-init.o)
 .debug_line    0x000000000000635c      0x1bf /usr/lib/gcc/arm-none-eabi/10.3.1/../../../arm-none-eabi/lib/thumb/v7e-m+fp/hard/libc_nano.a(lib_a-memset.o)
 .debug_line    0x000000000000651b      0x320 /usr/lib/gcc/arm-none-eabi/10.3.1/../../../arm-none-eabi/lib/thumb/v7e-m+fp/hard/libc_nano.a(lib_a-puts.o)
 .debug_line    0x000000000000683b      0x279 /usr/lib/gcc/arm-none-eabi/10.3.1/../../../arm-none-eabi/lib/thumb/v7e-m+fp/hard/libc_nano.a(lib_a-wbuf.o)
 .debug_line    0x0000000000006ab4      0x33e /usr/lib/gcc/arm-none-eabi/10.3.1/../../../arm-none-eabi/lib/thumb/v7e-m+fp/hard/libc_nano.a(lib_a-wsetup.o)
 .debug_line    0x0000000000006df2      0x46d /usr/lib/gcc/arm-none-eabi/10.3.1/../../../arm-none-eabi/lib/thumb/v7e-m+fp/hard/libc_nano.a(lib_a-fflush.o)
 .debug_line    0x000000000000725f      0x589 /usr/lib/gcc/arm-none-eabi/10.3.1/../../../arm-none-eabi/lib/thumb/v7e-m+fp/hard/libc_nano.a(lib_a-findfp.o)
 .debug_line    0x00000000000077e8      0x29e /usr/lib/gcc/arm-none-eabi/10.3.1/../../../arm-none-eabi/lib/thumb/v7e-m+fp/hard/libc_nano.a(lib_a-fwalk.o)
 .debug_line    0x0000000000007a86      0x3b2 /usr/lib/gcc/arm-none-eabi/10.3.1/../../../arm-none-eabi/lib/thumb/v7e-m+fp/hard/libc_nano.a(lib_a-makebuf.o)
 .debug_line    0x0000000000007e38      0x2ca /usr/lib/gcc/arm-none-eabi/10.3.1/../../../arm-none-eabi/lib/thumb/v7e-m+fp/hard/libc_nano.a(lib_a-nano-freer.o)
 .debug_line    0x0000000000008102      0x2d0 /usr/lib/gcc/arm-none-eabi/10.3.1/../../../arm-none-eabi/lib/thumb/v7e-m+fp/hard/libc_nano.a(lib_a-nano-mallocr.o)
 .debug_line    0x00000000000083d2      0x183 /usr/lib/gcc/arm-none-eabi/10.3.1/../../../arm-none-eabi/lib/thumb/v7e-m+fp/hard/libc_nano.a(lib_a-sbrkr.o)
 .debug_line    0x0000000000008555      0x231 /usr/lib/gcc/arm-none-eabi/10.3.1/../../../arm-none-eabi/lib/thumb/v7e-m+fp/hard/libc_nano.a(lib_a-stdio.o)
 .debug_line    0x0000000000008786      0x189 /usr/lib/gcc/arm-none-eabi/10.3.1/../../../arm-none-eabi/lib/thumb/v7e-m+fp/hard/libc_nano.a(lib_a-writer.o)
 .debug_line    0x000000000000890f      0x183 /usr/lib/gcc/arm-none-eabi/10.3.1/../../../arm-none-eabi/lib/thumb/v7e-m+fp/hard/libc_nano.a(lib_a-closer.o)
 .debug_line    0x0000000000008a92      0x203 /usr/lib/gcc/arm-none-eabi/10.3.1/../../../arm-none-eabi/lib/thumb/v7e-m+fp/hard/libc_nano.a(lib_a-fstatr.o)
 .debug_line    0x0000000000008c95      0x184 /usr/lib/gcc/arm-none-eabi/10.3.1/../../../arm-none-eabi/lib/thumb/v7e-m+fp/hard/libc_nano.a(lib_a-isattyr.o)
 .debug_line    0x0000000000008e19      0x189 /usr/lib/gcc/arm-none-eabi/10.3.1/../../../arm-none-eabi/lib/thumb/v7e-m+fp/hard/libc_nano.a(lib_a-lseekr.o)
 .debug_line    0x0000000000008fa2      0x13e /usr/lib/gcc/arm-none-eabi/10.3.1/../../../arm-none-eabi/lib/thumb/v7e-m+fp/hard/libc_nano.a(lib_a-mlock.o)
 .debug_line    0x00000000000090e0      0x188 /usr/lib/gcc/arm-none-eabi/10.3.1/../../../arm-none-eabi/lib/thumb/v7e-m+fp/hard/libc_nano.a(lib_a-readr.o)
 .debug_line    0x0000000000009268      0x2c7 /usr/lib/gcc/arm-none-eabi/10.3.1/../../../arm-none-eabi/lib/thumb/v7e-m+fp/hard/libc_nano.a(lib_a-reent.o)
 .debug_line    0x000000000000952f       0x70 /usr/lib/gcc/arm-none-eabi/10.3.1/../../../arm-none-eabi/lib/thumb/v7e-m+fp/hard/libnosys.a(close.o)
 .debug_line    0x000000000000959f      0x13a /usr/lib/gcc/arm-none-eabi/10.3.1/../../../arm-none-eabi/lib/thumb/v7e-m+fp/hard/libnosys.a(fstat.o)
 .debug_line    0x00000000000096d9       0x71 /usr/lib/gcc/arm-none-eabi/10.3.1/../../../arm-none-eabi/lib/thumb/v7e-m+fp/hard/libnosys.a(isatty.o)
 .debug_line    0x000000000000974a       0x71 /usr/lib/gcc/arm-none-eabi/10.3.1/../../../arm-none-eabi/lib/thumb/v7e-m+fp/hard/libnosys.a(lseek.o)
 .debug_line    0x00000000000097bb       0x70 /usr/lib/gcc/arm-none-eabi/10.3.1/../../../arm-none-eabi/lib/thumb/v7e-m+fp/hard/libnosys.a(read.o)
 .debug_line    0x000000000000982b       0x79 /usr/lib/gcc/arm-none-eabi/10.3.1/../../../arm-none-eabi/lib/thumb/v7e-m+fp/hard/libnosys.a(sbrk.o)
 .debug_line    0x00000000000098a4       0x71 /usr/lib/gcc/arm-none-eabi/10.3.1/../../../arm-none-eabi/lib/thumb/v7e-m+fp/hard/libnosys.a(write.o)
 .debug_line    0x0000000000009915       0x60 /usr/lib/gcc/arm-none-eabi/10.3.1/thumb/v7e-m+fp/hard/libgcc.a(_aeabi_uldivmod.o)
 .debug_line    0x0000000000009975      0x5ae /usr/lib/gcc/arm-none-eabi/10.3.1/thumb/v7e-m+fp/hard/libgcc.a(_udivmoddi4.o)
 .debug_line    0x0000000000009f23       0x60 /usr/lib/gcc/arm-none-eabi/10.3.1/thumb/v7e-m+fp/hard/libgcc.a(_dvmd_tls.o)

.debug_loc      0x0000000000000000     0x7b6e
 .debug_loc     0x0000000000000000       0x5b build/stm32l4xx_hal_msp.o
 .debug_loc     0x000000000000005b     0x1e62 build/stm32l4xx_hal_uart.o
 .debug_loc     0x0000000000001ebd      0x20e build/stm32l4xx_hal.o
 .debug_loc     0x00000000000020cb      0x8b5 build/stm32l4xx_hal_rcc.o
 .debug_loc     0x0000000000002980      0xb4a build/stm32l4xx_hal_rcc_ex.o
 .debug_loc     0x00000000000034ca      0x28a build/stm32l4xx_hal_gpio.o
 .debug_loc     0x0000000000003754      0x6d2 build/stm32l4xx_hal_pwr_ex.o
 .debug_loc     0x0000000000003e26      0x51c build/stm32l4xx_hal_cortex.o
 .debug_loc     0x0000000000004342       0xce build/system_stm32l4xx.o
 .debug_loc     0x0000000000004410       0x4a /usr/lib/gcc/arm-none-eabi/10.3.1/../../../arm-none-eabi/lib/thumb/v7e-m+fp/hard/libc_nano.a(lib_a-aeabi_memclr.o)
 .debug_loc     0x000000000000445a       0xba /usr/lib/gcc/arm-none-eabi/10.3.1/../../../arm-none-eabi/lib/thumb/v7e-m+fp/hard/libc_nano.a(lib_a-init.o)
 .debug_loc     0x0000000000004514      0x22c /usr/lib/gcc/arm-none-eabi/10.3.1/../../../arm-none-eabi/lib/thumb/v7e-m+fp/hard/libc_nano.a(lib_a-memset.o)
 .debug_loc     0x0000000000004740      0x28c /usr/lib/gcc/arm-none-eabi/10.3.1/../../../arm-none-eabi/lib/thumb/v7e-m+fp/hard/libc_nano.a(lib_a-puts.o)
 .debug_loc     0x00000000000049cc      0x193 /usr/lib/gcc/arm-none-eabi/10.3.1/../../../arm-none-eabi/lib/thumb/v7e-m+fp/hard/libc_nano.a(lib_a-wbuf.o)
 .debug_loc     0x0000000000004b5f       0xb7 /usr/lib/gcc/arm-none-eabi/10.3.1/../../../arm-none-eabi/lib/thumb/v7e-m+fp/hard/libc_nano.a(lib_a-wsetup.o)
 .debug_loc     0x0000000000004c16      0x4ee /usr/lib/gcc/arm-none-eabi/10.3.1/../../../arm-none-eabi/lib/thumb/v7e-m+fp/hard/libc_nano.a(lib_a-fflush.o)
 .debug_loc     0x0000000000005104      0x3d9 /usr/lib/gcc/arm-none-eabi/10.3.1/../../../arm-none-eabi/lib/thumb/v7e-m+fp/hard/libc_nano.a(lib_a-findfp.o)
 .debug_loc     0x00000000000054dd      0x1bf /usr/lib/gcc/arm-none-eabi/10.3.1/../../../arm-none-eabi/lib/thumb/v7e-m+fp/hard/libc_nano.a(lib_a-fwalk.o)
 .debug_loc     0x000000000000569c      0x327 /usr/lib/gcc/arm-none-eabi/10.3.1/../../../arm-none-eabi/lib/thumb/v7e-m+fp/hard/libc_nano.a(lib_a-makebuf.o)
 .debug_loc     0x00000000000059c3      0x203 /usr/lib/gcc/arm-none-eabi/10.3.1/../../../arm-none-eabi/lib/thumb/v7e-m+fp/hard/libc_nano.a(lib_a-nano-freer.o)
 .debug_loc     0x0000000000005bc6      0x3cd /usr/lib/gcc/arm-none-eabi/10.3.1/../../../arm-none-eabi/lib/thumb/v7e-m+fp/hard/libc_nano.a(lib_a-nano-mallocr.o)
 .debug_loc     0x0000000000005f93       0x6c /usr/lib/gcc/arm-none-eabi/10.3.1/../../../arm-none-eabi/lib/thumb/v7e-m+fp/hard/libc_nano.a(lib_a-sbrkr.o)
 .debug_loc     0x0000000000005fff      0x3a0 /usr/lib/gcc/arm-none-eabi/10.3.1/../../../arm-none-eabi/lib/thumb/v7e-m+fp/hard/libc_nano.a(lib_a-stdio.o)
 .debug_loc     0x000000000000639f       0xf7 /usr/lib/gcc/arm-none-eabi/10.3.1/../../../arm-none-eabi/lib/thumb/v7e-m+fp/hard/libc_nano.a(lib_a-writer.o)
 .debug_loc     0x0000000000006496       0x6c /usr/lib/gcc/arm-none-eabi/10.3.1/../../../arm-none-eabi/lib/thumb/v7e-m+fp/hard/libc_nano.a(lib_a-closer.o)
 .debug_loc     0x0000000000006502       0xab /usr/lib/gcc/arm-none-eabi/10.3.1/../../../arm-none-eabi/lib/thumb/v7e-m+fp/hard/libc_nano.a(lib_a-fstatr.o)
 .debug_loc     0x00000000000065ad       0x6c /usr/lib/gcc/arm-none-eabi/10.3.1/../../../arm-none-eabi/lib/thumb/v7e-m+fp/hard/libc_nano.a(lib_a-isattyr.o)
 .debug_loc     0x0000000000006619       0xf7 /usr/lib/gcc/arm-none-eabi/10.3.1/../../../arm-none-eabi/lib/thumb/v7e-m+fp/hard/libc_nano.a(lib_a-lseekr.o)
 .debug_loc     0x0000000000006710       0xf7 /usr/lib/gcc/arm-none-eabi/10.3.1/../../../arm-none-eabi/lib/thumb/v7e-m+fp/hard/libc_nano.a(lib_a-readr.o)
 .debug_loc     0x0000000000006807      0x1cd /usr/lib/gcc/arm-none-eabi/10.3.1/../../../arm-none-eabi/lib/thumb/v7e-m+fp/hard/libc_nano.a(lib_a-reent.o)
 .debug_loc     0x00000000000069d4       0x25 /usr/lib/gcc/arm-none-eabi/10.3.1/../../../arm-none-eabi/lib/thumb/v7e-m+fp/hard/libnosys.a(close.o)
 .debug_loc     0x00000000000069f9       0x25 /usr/lib/gcc/arm-none-eabi/10.3.1/../../../arm-none-eabi/lib/thumb/v7e-m+fp/hard/libnosys.a(fstat.o)
 .debug_loc     0x0000000000006a1e       0x25 /usr/lib/gcc/arm-none-eabi/10.3.1/../../../arm-none-eabi/lib/thumb/v7e-m+fp/hard/libnosys.a(isatty.o)
 .debug_loc     0x0000000000006a43       0x4a /usr/lib/gcc/arm-none-eabi/10.3.1/../../../arm-none-eabi/lib/thumb/v7e-m+fp/hard/libnosys.a(lseek.o)
 .debug_loc     0x0000000000006a8d       0x4a /usr/lib/gcc/arm-none-eabi/10.3.1/../../../arm-none-eabi/lib/thumb/v7e-m+fp/hard/libnosys.a(read.o)
 .debug_loc     0x0000000000006ad7       0x3e /usr/lib/gcc/arm-none-eabi/10.3.1/../../../arm-none-eabi/lib/thumb/v7e-m+fp/hard/libnosys.a(sbrk.o)
 .debug_loc     0x0000000000006b15       0x4a /usr/lib/gcc/arm-none-eabi/10.3.1/../../../arm-none-eabi/lib/thumb/v7e-m+fp/hard/libnosys.a(write.o)
 .debug_loc     0x0000000000006b5f     0x100f /usr/lib/gcc/arm-none-eabi/10.3.1/thumb/v7e-m+fp/hard/libgcc.a(_udivmoddi4.o)

.debug_aranges  0x0000000000000000      0x460
 .debug_aranges
                0x0000000000000000       0x28 build/startup_stm32l452xx.o
 .debug_aranges
                0x0000000000000028       0x20 /usr/lib/gcc/arm-none-eabi/10.3.1/../../../arm-none-eabi/lib/thumb/v7e-m+fp/hard/libc_nano.a(lib_a-aeabi_memclr.o)
 .debug_aranges
                0x0000000000000048       0x20 /usr/lib/gcc/arm-none-eabi/10.3.1/../../../arm-none-eabi/lib/thumb/v7e-m+fp/hard/libc_nano.a(lib_a-aeabi_memset-soft.o)
 .debug_aranges
                0x0000000000000068       0x18 /usr/lib/gcc/arm-none-eabi/10.3.1/../../../arm-none-eabi/lib/thumb/v7e-m+fp/hard/libc_nano.a(lib_a-impure.o)
 .debug_aranges
                0x0000000000000080       0x20 /usr/lib/gcc/arm-none-eabi/10.3.1/../../../arm-none-eabi/lib/thumb/v7e-m+fp/hard/libc_nano.a(lib_a-init.o)
 .debug_aranges
                0x00000000000000a0       0x20 /usr/lib/gcc/arm-none-eabi/10.3.1/../../../arm-none-eabi/lib/thumb/v7e-m+fp/hard/libc_nano.a(lib_a-memset.o)
 .debug_aranges
                0x00000000000000c0       0x20 /usr/lib/gcc/arm-none-eabi/10.3.1/../../../arm-none-eabi/lib/thumb/v7e-m+fp/hard/libc_nano.a(lib_a-puts.o)
 .debug_aranges